2026-03-28 18:19:47,796 - Camera started
2026-03-28 18:19:48,716 - Detected 0 faces
2026-03-28 18:19:50,472 - Detected 1 faces
2026-03-28 18:19:51,755 - Detected 1 faces
2026-03-28 18:19:53,087 - Detected 1 faces
2026-03-28 18:19:54,301 - Detected 1 faces
2026-03-28 18:19:55,464 - Detected 1 faces
2026-03-28 18:19:56,601 - Detected 1 faces
2026-03-28 18:19:57,703 - Detected 1 faces
2026-03-28 18:19:58,619 - Detected 1 faces
2026-03-28 18:19:58,987 - Detected 1 faces
2026-03-28 18:19:59,391 - Detected 1 faces
2026-03-28 18:19:59,988 - Detected 1 faces
2026-03-28 18:20:01,131 - Detected 1 faces
2026-03-28 18:20:02,329 - Detected 1 faces
2026-03-28 18:20:03,746 - Detected 1 faces
2026-03-28 18:20:05,065 - Detected 1 faces
2026-03-28 18:20:06,395 - Detected 1 faces
2026-03-28 18:20:07,604 - Detected 1 faces
2026-03-28 18:20:08,616 - Detected 1 faces
2026-03-28 18:20:09,284 - Detected 1 faces
2026-03-28 18:20:09,667 - Detected 1 faces
2026-03-28 18:20:10,050 - Detected 1 faces
2026-03-28 18:20:10,459 - Detected 1 faces
2026-03-28 18:20:10,930 - Detected 1 faces
2026-03-28 18:20:11,401 - Detected 1 faces
2026-03-28 18:51:22,551 - Camera started
2026-03-28 18:51:23,465 - Detected 0 faces
2026-03-28 18:51:24,333 - Detected 0 faces
2026-03-28 18:51:25,169 - Detected 0 faces
2026-03-28 18:51:26,019 - Detected 0 faces
2026-03-28 18:51:26,900 - Detected 0 faces
2026-03-28 18:51:27,792 - Detected 0 faces
2026-03-28 18:51:28,638 - Detected 0 faces
2026-03-28 18:51:29,505 - Detected 0 faces
2026-03-28 18:51:30,387 - Detected 0 faces
2026-03-28 18:51:31,248 - Detected 0 faces
2026-03-28 18:51:32,210 - Detected 0 faces
2026-03-28 18:51:33,169 - Detected 0 faces
2026-03-28 18:51:34,134 - Detected 0 faces
2026-03-28 18:51:35,088 - Detected 0 faces
2026-03-28 18:51:36,044 - Detected 0 faces
2026-03-28 18:51:36,910 - Detected 0 faces
2026-03-28 18:51:37,859 - Detected 0 faces
2026-03-28 18:51:38,800 - Detected 0 faces
2026-03-28 18:51:39,741 - Detected 0 faces
2026-03-28 18:51:40,700 - Detected 0 faces
2026-03-28 18:51:41,646 - Detected 0 faces
2026-03-28 18:51:42,618 - Detected 0 faces
2026-03-28 18:51:43,574 - Detected 0 faces
2026-03-28 18:51:44,540 - Detected 0 faces
2026-03-28 18:51:45,437 - Detected 0 faces
2026-03-28 18:51:46,292 - Detected 0 faces
2026-03-28 18:51:47,187 - Detected 0 faces
2026-03-28 18:51:49,067 - Detected 1 faces
2026-03-28 18:51:49,956 - Detected 0 faces
2026-03-28 18:51:50,854 - Detected 0 faces
2026-03-28 18:51:52,550 - Detected 1 faces
2026-03-28 18:51:53,427 - Detected 0 faces
2026-03-28 18:51:54,527 - Detected 1 faces
2026-03-28 18:51:55,360 - Detected 0 faces
2026-03-28 18:51:56,435 - Detected 1 faces
2026-03-28 18:51:57,435 - Detected 0 faces
2026-03-28 18:51:59,166 - Detected 1 faces
2026-03-28 18:52:00,587 - Detected 1 faces
2026-03-28 18:52:01,395 - Detected 0 faces
2026-03-28 18:52:02,163 - Detected 0 faces
2026-03-28 18:52:02,999 - Detected 0 faces
2026-03-28 18:52:03,828 - Detected 0 faces
2026-03-28 18:52:04,948 - Detected 1 faces
2026-03-28 18:52:06,047 - Detected 1 faces
2026-03-28 18:52:06,372 - Detected 0 faces
2026-03-28 18:52:06,688 - Detected 0 faces
2026-03-28 18:52:07,123 - Detected 1 faces
2026-03-28 18:52:07,449 - Detected 0 faces
2026-03-28 18:52:08,131 - Detected 1 faces
2026-03-28 18:52:08,450 - Detected 0 faces
2026-03-28 18:52:08,914 - Detected 1 faces
2026-03-28 18:52:09,347 - Detected 1 faces
2026-03-28 18:52:09,709 - Detected 1 faces
2026-03-28 18:52:10,090 - Detected 1 faces
2026-03-28 18:52:10,352 - Detected 0 faces
2026-03-28 18:52:10,610 - Detected 0 faces
2026-03-28 18:52:10,870 - Detected 0 faces
2026-03-28 18:52:11,254 - Detected 1 faces
2026-03-28 18:52:11,657 - Detected 1 faces
2026-03-28 18:52:12,170 - Detected 1 faces
2026-03-28 18:52:12,799 - Detected 0 faces
2026-03-28 18:52:14,008 - Detected 1 faces
2026-03-28 18:52:15,263 - Detected 1 faces
2026-03-28 18:52:16,081 - Detected 0 faces
2026-03-28 18:52:16,961 - Detected 0 faces
2026-03-28 18:52:18,154 - Detected 1 faces
2026-03-28 18:52:18,867 - Detected 0 faces
2026-03-28 18:52:19,677 - Detected 0 faces
2026-03-28 18:52:20,489 - Detected 0 faces
2026-03-28 18:52:21,397 - Detected 0 faces
2026-03-28 18:52:22,301 - Detected 0 faces
2026-03-28 18:52:23,181 - Detected 0 faces
2026-03-28 18:52:24,419 - Detected 1 faces
2026-03-28 18:52:25,316 - Detected 0 faces
2026-03-28 18:52:26,158 - Detected 0 faces
2026-03-28 18:52:27,416 - Detected 1 faces
2026-03-28 18:52:28,555 - Detected 1 faces
2026-03-28 18:52:29,790 - Detected 1 faces
2026-03-28 18:52:31,056 - Detected 1 faces
2026-03-28 18:52:32,350 - Detected 1 faces
2026-03-28 18:52:33,527 - Detected 1 faces
2026-03-28 18:52:34,731 - Detected 1 faces
2026-03-28 18:52:35,976 - Detected 1 faces
2026-03-28 18:52:37,204 - Detected 1 faces
2026-03-28 18:52:38,459 - Detected 1 faces
2026-03-28 18:52:39,703 - Detected 1 faces
2026-03-28 18:52:40,904 - Detected 1 faces
2026-03-28 18:52:42,222 - Detected 1 faces
2026-03-28 18:52:43,486 - Detected 1 faces
2026-03-28 18:52:44,685 - Detected 1 faces
2026-03-28 18:52:45,642 - Detected 0 faces
2026-03-28 18:52:46,864 - Detected 1 faces
2026-03-28 18:52:47,947 - Detected 1 faces
2026-03-28 18:52:49,513 - Detected 1 faces
2026-03-28 18:52:51,107 - Detected 1 faces
2026-03-28 18:52:51,906 - Detected 0 faces
2026-03-28 18:52:53,856 - Detected 1 faces
2026-03-28 18:52:55,057 - Detected 1 faces
2026-03-28 18:52:56,186 - Detected 1 faces
2026-03-28 18:52:57,045 - Detected 0 faces
2026-03-28 18:52:58,243 - Detected 1 faces
2026-03-28 18:52:59,430 - Detected 1 faces
2026-03-28 18:53:00,258 - Detected 0 faces
2026-03-28 18:53:01,021 - Detected 0 faces
2026-03-28 18:53:01,814 - Detected 0 faces
2026-03-28 18:53:02,699 - Detected 0 faces
2026-03-28 18:53:04,018 - Detected 1 faces
2026-03-28 18:53:04,950 - Detected 0 faces
2026-03-28 18:53:06,183 - Detected 1 faces
2026-03-28 18:53:07,286 - Detected 1 faces
2026-03-28 18:53:08,373 - Detected 1 faces
2026-03-28 18:53:09,525 - Detected 1 faces
2026-03-28 18:53:10,713 - Detected 1 faces
2026-03-28 18:53:11,914 - Detected 1 faces
2026-03-28 18:53:13,272 - Detected 1 faces
2026-03-28 18:53:14,501 - Detected 1 faces
2026-03-28 18:53:15,701 - Detected 1 faces
2026-03-28 18:53:17,008 - Detected 1 faces
2026-03-28 18:53:18,194 - Detected 1 faces
2026-03-28 18:53:19,407 - Detected 1 faces
2026-03-28 18:53:20,579 - Detected 1 faces
2026-03-28 18:53:21,777 - Detected 1 faces
2026-03-28 18:53:22,897 - Detected 1 faces
2026-03-28 18:53:23,692 - Detected 0 faces
2026-03-28 18:53:24,458 - Detected 0 faces
2026-03-28 18:53:25,232 - Detected 0 faces
2026-03-28 18:53:26,174 - Detected 0 faces
2026-03-28 18:53:27,057 - Detected 0 faces
2026-03-28 18:53:27,842 - Detected 0 faces
2026-03-28 18:53:28,688 - Detected 0 faces
2026-03-28 18:53:29,517 - Detected 0 faces
2026-03-28 18:53:30,330 - Detected 0 faces
2026-03-28 18:53:31,148 - Detected 0 faces
2026-03-28 18:53:31,969 - Detected 0 faces
2026-03-28 18:53:32,813 - Detected 0 faces
2026-03-28 18:53:33,678 - Detected 0 faces
2026-03-28 18:53:34,488 - Detected 0 faces
2026-03-28 18:53:35,223 - Detected 0 faces
2026-03-28 18:53:35,971 - Detected 0 faces
2026-03-28 18:53:36,797 - Detected 0 faces
2026-03-28 18:53:37,629 - Detected 0 faces
2026-03-28 18:53:39,630 - Detected 1 faces
2026-03-28 18:53:40,577 - Detected 0 faces
2026-03-28 18:53:41,448 - Detected 0 faces
2026-03-28 18:53:42,290 - Detected 0 faces
2026-03-28 18:53:43,217 - Detected 0 faces
2026-03-28 18:53:44,639 - Detected 1 faces
2026-03-28 18:53:45,583 - Detected 0 faces
2026-03-28 18:53:46,532 - Detected 0 faces
2026-03-28 18:53:47,271 - Detected 0 faces
2026-03-28 18:53:48,066 - Detected 0 faces
2026-03-28 18:53:48,898 - Detected 0 faces
2026-03-28 18:53:49,758 - Detected 0 faces
2026-03-28 18:53:50,651 - Detected 0 faces
2026-03-28 18:53:51,533 - Detected 0 faces
2026-03-28 18:53:52,429 - Detected 0 faces
2026-03-28 18:53:53,301 - Detected 0 faces
2026-03-28 18:53:54,870 - Detected 1 faces
2026-03-28 18:53:55,742 - Detected 0 faces
2026-03-28 18:53:56,709 - Detected 0 faces
2026-03-28 18:53:57,614 - Detected 0 faces
2026-03-28 18:53:58,514 - Detected 0 faces
2026-03-28 18:53:59,469 - Detected 0 faces
2026-03-28 18:54:00,773 - Detected 1 faces
2026-03-28 18:54:01,648 - Detected 0 faces
2026-03-28 18:54:02,512 - Detected 0 faces
2026-03-28 18:54:03,418 - Detected 0 faces
2026-03-28 18:54:04,204 - Detected 0 faces
2026-03-28 18:54:04,554 - Detected 0 faces
2026-03-28 18:54:04,843 - Detected 0 faces
2026-03-28 18:54:05,139 - Detected 0 faces
2026-03-28 18:54:05,447 - Detected 0 faces
2026-03-28 18:54:05,759 - Detected 0 faces
2026-03-28 18:54:06,037 - Detected 0 faces
2026-03-28 18:54:06,315 - Detected 0 faces
2026-03-28 18:54:06,591 - Detected 0 faces
2026-03-28 18:54:06,846 - Detected 0 faces
2026-03-28 18:54:07,094 - Detected 0 faces
2026-03-28 18:54:07,340 - Detected 0 faces
2026-03-28 18:54:07,591 - Detected 0 faces
2026-03-28 18:54:07,841 - Detected 0 faces
2026-03-28 18:54:08,101 - Detected 0 faces
2026-03-28 18:54:08,362 - Detected 0 faces
2026-03-28 18:54:08,624 - Detected 0 faces
2026-03-28 18:54:08,873 - Detected 0 faces
2026-03-28 18:54:09,248 - Detected 1 faces
2026-03-28 18:54:09,497 - Detected 0 faces
2026-03-28 18:54:09,781 - Detected 0 faces
2026-03-28 18:54:10,030 - Detected 0 faces
2026-03-28 18:54:10,276 - Detected 0 faces
2026-03-28 18:54:10,579 - Detected 0 faces
2026-03-28 18:54:11,283 - Detected 0 faces
2026-03-28 18:54:12,147 - Detected 0 faces
2026-03-28 18:54:12,922 - Detected 0 faces
2026-03-28 18:54:14,164 - Detected 1 faces
2026-03-28 18:54:14,951 - Detected 0 faces
2026-03-28 18:54:15,766 - Detected 0 faces
2026-03-28 18:54:16,580 - Detected 0 faces
2026-03-28 18:54:17,414 - Detected 0 faces
2026-03-28 18:54:18,263 - Detected 0 faces
2026-03-28 18:54:19,027 - Detected 0 faces
2026-03-28 18:54:19,833 - Detected 0 faces
2026-03-28 18:54:20,590 - Detected 0 faces
2026-03-28 18:54:21,398 - Detected 0 faces
2026-03-28 18:54:22,213 - Detected 0 faces
2026-03-28 18:54:23,041 - Detected 0 faces
2026-03-28 18:54:23,883 - Detected 0 faces
2026-03-28 18:54:24,698 - Detected 0 faces
2026-03-28 18:54:25,523 - Detected 0 faces
2026-03-28 18:54:26,295 - Detected 0 faces
2026-03-28 18:54:27,164 - Detected 0 faces
2026-03-28 18:54:27,965 - Detected 0 faces
2026-03-28 18:54:28,795 - Detected 0 faces
2026-03-28 18:54:29,649 - Detected 0 faces
2026-03-28 18:54:30,496 - Detected 0 faces
2026-03-28 18:54:31,300 - Detected 0 faces
2026-03-28 18:54:32,068 - Detected 0 faces
2026-03-28 18:54:32,880 - Detected 0 faces
2026-03-28 18:54:33,686 - Detected 0 faces
2026-03-28 18:54:34,527 - Detected 0 faces
2026-03-28 18:54:35,441 - Detected 0 faces
2026-03-28 18:54:36,226 - Detected 0 faces
2026-03-28 18:54:37,077 - Detected 0 faces
2026-03-28 18:54:37,977 - Detected 0 faces
2026-03-28 18:54:38,854 - Detected 0 faces
2026-03-28 18:54:39,720 - Detected 0 faces
2026-03-28 18:54:40,592 - Detected 0 faces
2026-03-28 18:54:41,431 - Detected 0 faces
2026-03-28 18:54:42,319 - Detected 0 faces
2026-03-28 18:54:43,084 - Detected 0 faces
2026-03-28 18:54:43,896 - Detected 0 faces
2026-03-28 18:54:44,740 - Detected 0 faces
2026-03-28 18:54:45,591 - Detected 0 faces
2026-03-28 18:54:46,414 - Detected 0 faces
2026-03-28 18:54:47,183 - Detected 0 faces
2026-03-28 18:54:47,911 - Detected 0 faces
2026-03-28 18:54:48,633 - Detected 0 faces
2026-03-28 18:54:49,892 - Detected 1 faces
2026-03-28 18:54:50,702 - Detected 0 faces
2026-03-28 18:54:51,541 - Detected 0 faces
2026-03-28 18:54:52,386 - Detected 0 faces
2026-03-28 18:54:53,202 - Detected 0 faces
2026-03-28 18:54:54,354 - Detected 1 faces
2026-03-28 18:54:55,152 - Detected 0 faces
2026-03-28 18:54:55,968 - Detected 0 faces
2026-03-28 18:54:56,774 - Detected 0 faces
2026-03-28 18:54:57,603 - Detected 0 faces
2026-03-28 18:54:58,439 - Detected 0 faces
2026-03-28 18:54:59,198 - Detected 0 faces
2026-03-28 18:55:00,049 - Detected 0 faces
2026-03-28 18:55:00,817 - Detected 0 faces
2026-03-28 18:55:01,620 - Detected 0 faces
2026-03-28 18:55:02,454 - Detected 0 faces
2026-03-28 18:55:03,197 - Detected 0 faces
2026-03-28 18:55:03,957 - Detected 0 faces
2026-03-28 18:55:04,756 - Detected 0 faces
2026-03-28 18:55:05,633 - Detected 0 faces
2026-03-28 18:55:06,500 - Detected 0 faces
2026-03-28 18:55:07,367 - Detected 0 faces
2026-03-28 18:55:08,233 - Detected 0 faces
2026-03-28 18:55:08,971 - Detected 0 faces
2026-03-28 18:55:09,790 - Detected 0 faces
2026-03-28 18:55:10,697 - Detected 0 faces
2026-03-28 18:55:11,646 - Detected 0 faces
2026-03-28 18:55:12,601 - Detected 0 faces
2026-03-28 18:55:13,495 - Detected 0 faces
2026-03-28 18:55:14,444 - Detected 0 faces
2026-03-28 18:55:15,383 - Detected 0 faces
2026-03-28 18:55:16,343 - Detected 0 faces
2026-03-28 18:55:17,201 - Detected 0 faces
2026-03-28 18:55:18,080 - Detected 0 faces
2026-03-28 18:55:18,921 - Detected 0 faces
2026-03-28 18:55:19,845 - Detected 0 faces
2026-03-28 18:55:20,805 - Detected 0 faces
2026-03-28 18:55:21,758 - Detected 0 faces
2026-03-28 18:55:22,613 - Detected 0 faces
2026-03-28 18:55:23,446 - Detected 0 faces
2026-03-28 18:55:24,368 - Detected 0 faces
2026-03-28 18:55:25,296 - Detected 0 faces
2026-03-28 18:55:26,229 - Detected 0 faces
2026-03-28 18:55:27,194 - Detected 0 faces
2026-03-28 18:55:28,176 - Detected 0 faces
2026-03-28 18:55:29,107 - Detected 0 faces
2026-03-28 18:55:29,898 - Detected 0 faces
2026-03-28 18:55:30,701 - Detected 0 faces
2026-03-28 18:55:31,445 - Detected 0 faces
2026-03-28 18:55:32,215 - Detected 0 faces
2026-03-28 18:55:32,765 - Detected 0 faces
2026-03-28 18:55:33,022 - Detected 0 faces
2026-03-28 18:55:33,293 - Detected 0 faces
2026-03-28 18:55:33,544 - Detected 0 faces
2026-03-28 18:55:33,835 - Detected 0 faces
2026-03-28 18:55:34,108 - Detected 0 faces
2026-03-28 18:55:34,405 - Detected 0 faces
2026-03-28 18:55:34,695 - Detected 0 faces
2026-03-28 18:55:35,002 - Detected 0 faces
2026-03-28 18:55:35,272 - Detected 0 faces
2026-03-28 18:55:35,574 - Detected 0 faces
2026-03-28 18:55:35,830 - Detected 0 faces
2026-03-28 18:55:36,093 - Detected 0 faces
2026-03-28 18:55:36,371 - Detected 0 faces
2026-03-28 18:55:36,768 - Detected 0 faces
2026-03-28 18:55:37,231 - Detected 0 faces
2026-03-28 18:55:37,815 - Detected 0 faces
2026-03-28 18:55:38,599 - Detected 1 faces
2026-03-28 18:55:39,168 - Detected 0 faces
2026-03-28 18:55:39,556 - Detected 0 faces
2026-03-28 18:55:39,887 - Detected 0 faces
2026-03-28 18:55:40,163 - Detected 0 faces
2026-03-28 18:55:40,461 - Detected 0 faces
2026-03-28 18:55:40,723 - Detected 0 faces
2026-03-28 18:55:40,971 - Detected 0 faces
2026-03-28 18:55:41,334 - Detected 0 faces
2026-03-28 18:55:41,651 - Detected 0 faces
2026-03-28 18:55:42,055 - Detected 0 faces
2026-03-28 18:55:42,563 - Detected 0 faces
2026-03-28 18:55:43,126 - Detected 0 faces
2026-03-28 18:55:43,736 - Detected 0 faces
2026-03-28 18:55:44,125 - Detected 0 faces
2026-03-28 18:55:44,397 - Detected 0 faces
2026-03-28 18:55:44,659 - Detected 0 faces
2026-03-28 18:55:44,942 - Detected 0 faces
2026-03-28 18:55:45,227 - Detected 0 faces
2026-03-28 18:55:45,561 - Detected 0 faces
2026-03-28 18:55:45,976 - Detected 0 faces
2026-03-28 18:55:46,430 - Detected 0 faces
2026-03-28 18:55:46,967 - Detected 0 faces
2026-03-28 18:55:47,498 - Detected 0 faces
2026-03-28 18:55:48,015 - Detected 0 faces
2026-03-28 18:55:48,537 - Detected 0 faces
2026-03-28 18:55:49,066 - Detected 0 faces
2026-03-28 18:55:49,457 - Detected 0 faces
2026-03-28 18:55:49,770 - Detected 0 faces
2026-03-28 18:55:50,110 - Detected 0 faces
2026-03-28 18:55:50,480 - Detected 0 faces
2026-03-28 18:55:50,759 - Detected 0 faces
2026-03-28 18:55:51,044 - Detected 0 faces
2026-03-28 18:55:51,385 - Detected 0 faces
2026-03-28 18:55:51,682 - Detected 0 faces
2026-03-28 18:55:51,996 - Detected 0 faces
2026-03-28 18:55:52,438 - Detected 0 faces
2026-03-28 18:55:52,923 - Detected 0 faces
2026-03-28 18:55:53,258 - Detected 0 faces
2026-03-28 18:55:53,665 - Detected 0 faces
2026-03-28 18:55:54,226 - Detected 0 faces
2026-03-28 18:55:54,714 - Detected 0 faces
2026-03-28 18:55:55,210 - Detected 0 faces
2026-03-28 18:55:55,605 - Detected 0 faces
2026-03-28 18:55:55,929 - Detected 0 faces
2026-03-28 18:55:56,320 - Detected 0 faces
2026-03-28 18:55:56,796 - Detected 0 faces
2026-03-28 18:55:57,300 - Detected 0 faces
2026-03-28 18:55:57,827 - Detected 0 faces
2026-03-28 18:55:58,558 - Detected 0 faces
2026-03-28 18:55:59,369 - Detected 0 faces
2026-03-28 18:56:00,611 - Detected 1 faces
2026-03-28 18:56:01,317 - Detected 0 faces
2026-03-28 18:56:02,411 - Detected 1 faces
2026-03-28 18:56:02,970 - Detected 0 faces
2026-03-28 18:56:03,686 - Detected 0 faces
2026-03-28 18:56:04,493 - Detected 0 faces
2026-03-28 18:56:05,112 - Detected 0 faces
2026-03-28 18:56:05,902 - Detected 0 faces
2026-03-28 18:56:06,707 - Detected 0 faces
2026-03-28 18:56:07,531 - Detected 0 faces
2026-03-28 18:56:08,705 - Detected 1 faces
2026-03-28 18:56:09,519 - Detected 0 faces
2026-03-28 18:56:10,352 - Detected 0 faces
2026-03-28 18:56:11,929 - Detected 1 faces
2026-03-28 18:56:12,759 - Detected 0 faces
2026-03-28 18:56:14,405 - Detected 1 faces
2026-03-28 18:56:15,243 - Detected 0 faces
2026-03-28 18:56:16,131 - Detected 0 faces
2026-03-28 18:56:16,940 - Detected 0 faces
2026-03-28 18:56:17,647 - Detected 0 faces
2026-03-28 18:56:18,327 - Detected 0 faces
2026-03-28 18:56:19,084 - Detected 0 faces
2026-03-28 18:56:19,859 - Detected 0 faces
2026-03-28 18:56:20,689 - Detected 0 faces
2026-03-28 18:56:21,490 - Detected 0 faces
2026-03-28 18:56:22,362 - Detected 0 faces
2026-03-28 18:56:23,181 - Detected 0 faces
2026-03-28 18:56:23,997 - Detected 0 faces
2026-03-28 18:56:24,809 - Detected 0 faces
2026-03-28 18:56:25,638 - Detected 0 faces
2026-03-28 18:56:26,386 - Detected 0 faces
2026-03-28 18:56:27,202 - Detected 0 faces
2026-03-28 18:56:28,029 - Detected 0 faces
2026-03-28 18:56:28,831 - Detected 0 faces
2026-03-28 18:56:29,673 - Detected 0 faces
2026-03-28 18:56:30,530 - Detected 0 faces
2026-03-28 18:56:31,467 - Detected 0 faces
2026-03-28 18:56:32,383 - Detected 0 faces
2026-03-28 18:56:34,067 - Detected 1 faces
2026-03-28 18:56:34,866 - Detected 0 faces
2026-03-28 18:56:35,704 - Detected 1 faces
2026-03-28 18:56:35,974 - Detected 0 faces
2026-03-28 18:56:36,288 - Detected 0 faces
2026-03-28 18:56:36,549 - Detected 0 faces
2026-03-28 18:56:36,837 - Detected 0 faces
2026-03-28 18:56:37,145 - Detected 0 faces
2026-03-28 18:56:37,491 - Detected 0 faces
2026-03-28 18:56:37,843 - Detected 0 faces
2026-03-28 19:00:43,876 - Task exception was never retrieved
future: <Task finished name='Task-41' coro=<WebSocketProtocol13.write_message.<locals>.wrapper() done, defined at C:\Users\Hetvi\Downloads\real-time-face-recognition-surveillance-system-main\real-time-face-recognition-surveillance-system-main\.venv\lib\site-packages\tornado\websocket.py:1111> exception=WebSocketClosedError()>
Traceback (most recent call last):
  File "C:\Users\Hetvi\Downloads\real-time-face-recognition-surveillance-system-main\real-time-face-recognition-surveillance-system-main\.venv\lib\site-packages\tornado\websocket.py", line 1113, in wrapper
    await fut
tornado.iostream.StreamClosedError: Stream is closed

During handling of the above exception, another exception occurred:

Traceback (most recent call last):
  File "C:\Users\Hetvi\Downloads\real-time-face-recognition-surveillance-system-main\real-time-face-recognition-surveillance-system-main\.venv\lib\site-packages\tornado\websocket.py", line 1115, in wrapper
    raise WebSocketClosedError()
tornado.websocket.WebSocketClosedError
2026-03-28 19:01:42,931 - Camera started
2026-03-28 19:01:43,829 - Detected 0 faces
2026-03-28 19:01:44,669 - Detected 0 faces
2026-03-28 19:01:45,515 - Detected 0 faces
2026-03-28 19:01:46,381 - Detected 0 faces
2026-03-28 19:01:47,190 - Detected 0 faces
2026-03-28 19:01:48,008 - Detected 0 faces
2026-03-28 19:01:48,845 - Detected 0 faces
2026-03-28 19:01:49,685 - Detected 0 faces
2026-03-28 19:01:50,651 - Detected 0 faces
2026-03-28 19:01:51,629 - Detected 0 faces
2026-03-28 19:01:52,478 - Detected 0 faces
2026-03-28 19:01:53,293 - Detected 0 faces
2026-03-28 19:01:54,101 - Detected 0 faces
2026-03-28 19:01:54,892 - Detected 0 faces
2026-03-28 19:01:55,668 - Detected 0 faces
2026-03-28 19:01:56,538 - Detected 0 faces
2026-03-28 19:01:57,671 - Detected 1 faces
2026-03-28 19:01:58,441 - Detected 0 faces
2026-03-28 19:01:59,265 - Detected 0 faces
2026-03-28 19:02:00,202 - Detected 0 faces
2026-03-28 19:02:01,023 - Detected 0 faces
2026-03-28 19:02:01,946 - Detected 0 faces
2026-03-28 19:02:02,875 - Detected 0 faces
2026-03-28 19:02:03,811 - Detected 0 faces
2026-03-28 19:02:04,743 - Detected 0 faces
2026-03-28 19:02:05,579 - Detected 0 faces
2026-03-28 19:02:06,454 - Detected 0 faces
2026-03-28 19:02:07,318 - Detected 0 faces
2026-03-28 19:02:08,129 - Detected 0 faces
2026-03-28 19:02:09,020 - Detected 0 faces
2026-03-28 19:02:09,872 - Detected 0 faces
2026-03-28 19:02:10,678 - Detected 0 faces
2026-03-28 19:02:12,530 - Detected 1 faces
2026-03-28 19:02:13,513 - Detected 0 faces
2026-03-28 19:02:14,431 - Detected 0 faces
2026-03-28 19:02:15,713 - Detected 1 faces
2026-03-28 19:02:16,616 - Detected 0 faces
2026-03-28 19:02:17,956 - Detected 1 faces
2026-03-28 19:02:19,310 - Detected 1 faces
2026-03-28 19:02:20,218 - Detected 0 faces
2026-03-28 19:02:21,160 - Detected 0 faces
2026-03-28 19:02:22,081 - Detected 0 faces
2026-03-28 19:02:23,025 - Detected 0 faces
2026-03-28 19:02:23,911 - Detected 0 faces
2026-03-28 19:02:24,819 - Detected 0 faces
2026-03-28 19:02:25,690 - Detected 0 faces
2026-03-28 19:02:26,944 - Detected 1 faces
2026-03-28 19:02:27,834 - Detected 0 faces
2026-03-28 19:02:29,140 - Detected 1 faces
2026-03-28 19:02:30,088 - Detected 0 faces
2026-03-28 19:02:31,971 - Detected 1 faces
2026-03-28 19:02:32,811 - Detected 0 faces
2026-03-28 19:02:33,659 - Detected 0 faces
2026-03-28 19:02:34,583 - Detected 0 faces
2026-03-28 19:02:36,298 - Detected 1 faces
2026-03-28 19:02:37,194 - Detected 0 faces
2026-03-28 19:02:38,941 - Detected 1 faces
2026-03-28 19:02:39,829 - Detected 0 faces
2026-03-28 19:02:40,684 - Detected 0 faces
2026-03-28 19:02:41,607 - Detected 0 faces
2026-03-28 19:02:42,435 - Detected 0 faces
2026-03-28 19:02:43,278 - Detected 0 faces
2026-03-28 19:02:44,127 - Detected 0 faces
2026-03-28 19:02:45,048 - Detected 0 faces
2026-03-28 19:02:45,838 - Detected 0 faces
2026-03-28 19:02:46,625 - Detected 0 faces
2026-03-28 19:02:47,309 - Detected 0 faces
2026-03-28 19:02:48,113 - Detected 0 faces
2026-03-28 19:02:48,961 - Detected 0 faces
2026-03-28 19:02:49,901 - Detected 0 faces
2026-03-28 19:02:50,767 - Detected 0 faces
2026-03-28 19:02:51,583 - Detected 0 faces
2026-03-28 19:02:52,365 - Detected 0 faces
2026-03-28 19:02:53,082 - Detected 0 faces
2026-03-28 19:02:54,201 - Detected 0 faces
2026-03-28 19:02:55,725 - Detected 1 faces
2026-03-28 19:02:56,474 - Detected 0 faces
2026-03-28 19:02:56,792 - Detected 0 faces
2026-03-28 19:02:57,115 - Detected 0 faces
2026-03-28 19:02:57,429 - Detected 0 faces
2026-03-28 19:02:57,790 - Detected 0 faces
2026-03-28 19:02:58,129 - Detected 0 faces
2026-03-28 19:02:58,780 - Detected 1 faces
2026-03-28 19:02:59,284 - Detected 0 faces
2026-03-28 19:03:00,122 - Detected 0 faces
2026-03-28 19:03:00,917 - Detected 0 faces
2026-03-28 19:03:01,783 - Detected 0 faces
2026-03-28 19:03:02,724 - Detected 0 faces
2026-03-28 19:03:03,571 - Detected 0 faces
2026-03-28 19:03:04,456 - Detected 0 faces
2026-03-28 19:03:05,315 - Detected 0 faces
2026-03-28 19:03:06,783 - Detected 1 faces
2026-03-28 19:03:08,132 - Detected 1 faces
2026-03-28 19:03:09,086 - Detected 0 faces
2026-03-28 19:03:10,029 - Detected 0 faces
2026-03-28 19:03:10,995 - Detected 0 faces
2026-03-28 19:03:12,866 - Detected 1 faces
2026-03-28 19:03:13,817 - Detected 0 faces
2026-03-28 19:03:15,175 - Detected 1 faces
2026-03-28 19:03:16,397 - Detected 1 faces
2026-03-28 19:03:17,551 - Detected 1 faces
2026-03-28 19:03:18,706 - Detected 1 faces
2026-03-28 19:03:19,991 - Detected 1 faces
2026-03-28 19:03:21,304 - Detected 1 faces
2026-03-28 19:03:22,507 - Detected 1 faces
2026-03-28 19:03:23,722 - Detected 1 faces
2026-03-28 19:03:24,881 - Detected 1 faces
2026-03-28 19:03:26,164 - Detected 1 faces
2026-03-28 19:03:27,391 - Detected 1 faces
2026-03-28 19:03:28,561 - Detected 1 faces
2026-03-28 19:03:29,740 - Detected 1 faces
2026-03-28 19:03:30,852 - Detected 1 faces
2026-03-28 19:03:31,254 - Detected 1 faces
2026-03-28 19:03:31,677 - Detected 1 faces
2026-03-28 19:03:32,103 - Detected 1 faces
2026-03-28 19:03:32,512 - Detected 1 faces
2026-03-28 19:03:32,985 - Detected 1 faces
2026-03-28 19:03:33,436 - Detected 1 faces
2026-03-28 19:03:33,860 - Detected 1 faces
2026-03-28 19:03:34,313 - Detected 1 faces
2026-03-28 19:03:34,678 - Detected 1 faces
2026-03-28 19:03:35,039 - Detected 1 faces
2026-03-28 19:03:35,409 - Detected 1 faces
2026-03-28 19:03:35,777 - Detected 1 faces
2026-03-28 19:03:36,161 - Detected 1 faces
2026-03-28 19:03:36,520 - Detected 1 faces
2026-03-28 19:03:36,892 - Detected 1 faces
2026-03-28 19:03:37,263 - Detected 1 faces
2026-03-28 19:03:37,629 - Detected 1 faces
2026-03-28 19:03:37,995 - Detected 1 faces
2026-03-28 19:03:38,369 - Detected 1 faces
2026-03-28 19:03:38,743 - Detected 1 faces
2026-03-28 19:03:39,104 - Detected 1 faces
2026-03-28 19:03:39,480 - Detected 1 faces
2026-03-28 19:03:39,855 - Detected 1 faces
2026-03-28 19:03:40,227 - Detected 1 faces
2026-03-28 19:03:40,591 - Detected 1 faces
2026-03-28 19:03:41,035 - Detected 1 faces
2026-03-28 19:03:41,437 - Detected 1 faces
2026-03-28 19:03:41,857 - Detected 1 faces
2026-03-28 19:03:42,219 - Detected 1 faces
2026-03-28 19:03:42,580 - Detected 1 faces
2026-03-28 19:03:42,942 - Detected 1 faces
2026-03-28 19:03:43,307 - Detected 1 faces
2026-03-28 19:03:43,686 - Detected 1 faces
2026-03-28 19:03:44,074 - Detected 1 faces
2026-03-28 19:03:44,438 - Detected 1 faces
2026-03-28 19:03:44,816 - Detected 1 faces
2026-03-28 19:03:45,190 - Detected 1 faces
2026-03-28 19:03:45,576 - Detected 1 faces
2026-03-28 19:03:46,422 - Detected 1 faces
2026-03-28 19:03:47,586 - Detected 1 faces
2026-03-28 19:03:48,814 - Detected 1 faces
2026-03-28 19:03:49,845 - Detected 1 faces
2026-03-28 19:03:50,853 - Detected 1 faces
2026-03-28 19:03:51,231 - Detected 1 faces
2026-03-28 19:03:51,659 - Detected 1 faces
2026-03-28 19:03:52,047 - Detected 1 faces
2026-03-28 19:03:52,517 - Detected 1 faces
2026-03-28 19:03:53,036 - Detected 1 faces
2026-03-28 19:03:53,465 - Detected 1 faces
2026-03-28 19:03:53,944 - Detected 1 faces
2026-03-28 19:03:54,367 - Detected 1 faces
2026-03-28 19:03:54,769 - Detected 1 faces
2026-03-28 19:03:55,140 - Detected 1 faces
2026-03-28 19:03:55,526 - Detected 1 faces
2026-03-28 19:03:55,887 - Detected 1 faces
2026-03-28 19:03:56,257 - Detected 1 faces
2026-03-28 19:03:56,642 - Detected 1 faces
2026-03-28 19:03:57,664 - Detected 1 faces
2026-03-28 19:03:58,825 - Detected 1 faces
2026-03-28 19:03:59,709 - Detected 1 faces
2026-03-28 19:04:00,151 - Detected 1 faces
2026-03-28 19:04:00,563 - Detected 1 faces
2026-03-28 19:04:01,023 - Detected 1 faces
2026-03-28 19:04:01,485 - Detected 1 faces
2026-03-28 19:04:01,934 - Detected 1 faces
2026-03-28 19:04:02,313 - Detected 1 faces
2026-03-28 19:04:02,693 - Detected 1 faces
2026-03-28 19:04:03,080 - Detected 1 faces
2026-03-28 19:04:03,467 - Detected 1 faces
2026-03-28 19:04:03,845 - Detected 1 faces
2026-03-28 19:04:04,214 - Detected 1 faces
2026-03-28 19:04:04,596 - Detected 1 faces
2026-03-28 19:04:04,993 - Detected 1 faces
2026-03-28 19:04:05,945 - Detected 1 faces
2026-03-28 19:04:07,008 - Detected 1 faces
2026-03-28 19:04:08,089 - Detected 1 faces
2026-03-28 19:04:09,284 - Detected 1 faces
2026-03-28 19:04:10,435 - Detected 1 faces
2026-03-28 19:04:11,659 - Detected 1 faces
2026-03-28 19:04:12,865 - Detected 1 faces
2026-03-28 19:04:14,096 - Detected 1 faces
2026-03-28 19:04:15,183 - Detected 1 faces
2026-03-28 19:04:16,329 - Detected 1 faces
2026-03-28 19:04:17,538 - Detected 1 faces
2026-03-28 19:04:18,751 - Detected 1 faces
2026-03-28 19:04:19,986 - Detected 1 faces
2026-03-28 19:04:21,079 - Detected 1 faces
2026-03-28 19:04:22,198 - Detected 1 faces
2026-03-28 19:04:23,300 - Detected 1 faces
2026-03-28 19:04:24,450 - Detected 1 faces
2026-03-28 19:04:25,670 - Detected 1 faces
2026-03-28 19:04:26,870 - Detected 1 faces
2026-03-28 19:04:28,129 - Detected 1 faces
2026-03-28 19:04:28,500 - Detected 1 faces
2026-03-28 19:04:28,768 - Detected 0 faces
2026-03-28 19:04:29,077 - Detected 0 faces
2026-03-28 19:04:29,575 - Detected 1 faces
2026-03-28 19:04:30,109 - Detected 1 faces
2026-03-28 19:04:30,605 - Detected 1 faces
2026-03-28 19:04:31,284 - Detected 1 faces
2026-03-28 19:04:32,306 - Detected 1 faces
2026-03-28 19:04:33,016 - Detected 1 faces
2026-03-28 19:04:33,877 - Detected 1 faces
2026-03-28 19:04:34,309 - Detected 1 faces
2026-03-28 19:04:34,780 - Detected 1 faces
2026-03-28 19:04:35,308 - Detected 1 faces
2026-03-28 19:04:35,883 - Detected 1 faces
2026-03-28 19:04:36,521 - Detected 1 faces
2026-03-28 19:04:37,268 - Detected 1 faces
2026-03-28 19:04:37,878 - Detected 1 faces
2026-03-28 19:04:38,395 - Detected 1 faces
2026-03-28 19:04:38,853 - Detected 1 faces
2026-03-28 19:04:39,315 - Detected 1 faces
2026-03-28 19:04:39,815 - Detected 1 faces
2026-03-28 19:04:40,229 - Detected 1 faces
2026-03-28 19:04:40,685 - Detected 1 faces
2026-03-28 19:04:41,089 - Detected 1 faces
2026-03-28 19:04:41,526 - Detected 1 faces
2026-03-28 19:04:42,043 - Detected 1 faces
2026-03-28 19:04:42,654 - Detected 1 faces
2026-03-28 19:04:43,049 - Detected 1 faces
2026-03-28 19:04:43,470 - Detected 1 faces
2026-03-28 19:04:44,028 - Detected 1 faces
2026-03-28 19:04:44,654 - Detected 1 faces
2026-03-28 19:04:45,414 - Detected 1 faces
2026-03-28 19:04:46,288 - Detected 1 faces
2026-03-28 19:04:46,720 - Detected 1 faces
2026-03-28 19:04:47,143 - Detected 1 faces
2026-03-28 19:04:47,611 - Detected 1 faces
2026-03-28 19:04:48,026 - Detected 1 faces
2026-03-28 19:04:48,534 - Detected 1 faces
2026-03-28 19:04:49,320 - Detected 1 faces
2026-03-28 19:04:49,947 - Detected 1 faces
2026-03-28 19:04:50,352 - Detected 1 faces
2026-03-28 19:04:50,790 - Detected 1 faces
2026-03-28 19:04:51,196 - Detected 1 faces
2026-03-28 19:04:51,633 - Detected 1 faces
2026-03-28 19:04:52,053 - Detected 1 faces
2026-03-28 19:04:52,469 - Detected 1 faces
2026-03-28 19:04:52,850 - Detected 1 faces
2026-03-28 19:04:53,217 - Detected 1 faces
2026-03-28 19:04:53,582 - Detected 1 faces
2026-03-28 19:04:53,959 - Detected 1 faces
2026-03-28 19:04:54,496 - Detected 1 faces
2026-03-28 19:04:55,055 - Detected 1 faces
2026-03-28 19:04:55,475 - Detected 1 faces
2026-03-28 19:04:56,145 - Detected 1 faces
2026-03-28 19:04:56,707 - Detected 1 faces
2026-03-28 19:04:57,677 - Detected 1 faces
2026-03-28 19:04:58,565 - Detected 1 faces
2026-03-28 19:04:59,285 - Detected 1 faces
2026-03-28 19:04:59,925 - Detected 1 faces
2026-03-28 19:05:00,390 - Detected 1 faces
2026-03-28 19:05:00,799 - Detected 1 faces
2026-03-28 19:05:01,243 - Detected 1 faces
2026-03-28 19:05:01,781 - Detected 1 faces
2026-03-28 19:05:02,831 - Detected 1 faces
2026-03-28 19:05:03,918 - Detected 1 faces
2026-03-28 19:05:05,012 - Detected 1 faces
2026-03-28 19:05:06,138 - Detected 1 faces
2026-03-28 19:05:07,306 - Detected 1 faces
2026-03-28 19:05:08,392 - Detected 1 faces
2026-03-28 19:05:09,372 - Detected 1 faces
2026-03-28 19:05:10,301 - Detected 1 faces
2026-03-28 19:05:11,186 - Detected 1 faces
2026-03-28 19:05:12,059 - Detected 1 faces
2026-03-28 19:05:12,879 - Detected 1 faces
2026-03-28 19:05:13,839 - Detected 1 faces
2026-03-28 19:05:14,926 - Detected 1 faces
2026-03-28 19:05:15,689 - Detected 1 faces
2026-03-28 19:05:16,843 - Detected 1 faces
2026-03-28 19:05:17,969 - Detected 1 faces
2026-03-28 19:05:19,089 - Detected 1 faces
2026-03-28 19:05:20,238 - Detected 1 faces
2026-03-28 19:05:21,378 - Detected 1 faces
2026-03-28 19:05:22,418 - Detected 1 faces
2026-03-28 19:05:23,444 - Detected 1 faces
2026-03-28 19:05:24,332 - Detected 1 faces
2026-03-28 19:05:25,455 - Detected 1 faces
2026-03-28 19:05:26,685 - Detected 1 faces
2026-03-28 19:05:27,954 - Detected 1 faces
2026-03-28 19:05:29,201 - Detected 1 faces
2026-03-28 19:05:30,415 - Detected 1 faces
2026-03-28 19:05:31,691 - Detected 1 faces
2026-03-28 19:05:32,882 - Detected 1 faces
2026-03-28 19:05:34,075 - Detected 1 faces
2026-03-28 19:05:35,144 - Detected 1 faces
2026-03-28 19:05:36,214 - Detected 1 faces
2026-03-28 19:05:36,703 - Detected 1 faces
2026-03-28 19:05:37,095 - Detected 1 faces
2026-03-28 19:05:37,495 - Detected 1 faces
2026-03-28 19:05:37,952 - Detected 1 faces
2026-03-28 19:05:38,454 - Detected 1 faces
2026-03-28 19:05:38,881 - Detected 1 faces
2026-03-28 19:05:39,367 - Detected 1 faces
2026-03-28 19:05:39,824 - Detected 1 faces
2026-03-28 19:05:40,276 - Detected 1 faces
2026-03-28 19:05:40,638 - Detected 1 faces
2026-03-28 19:05:41,005 - Detected 1 faces
2026-03-28 19:05:41,367 - Detected 1 faces
2026-03-28 19:05:41,734 - Detected 1 faces
2026-03-28 19:05:42,149 - Detected 1 faces
2026-03-28 19:05:42,525 - Detected 1 faces
2026-03-28 19:05:42,889 - Detected 1 faces
2026-03-28 19:05:43,258 - Detected 1 faces
2026-03-28 19:05:43,635 - Detected 1 faces
2026-03-28 19:05:44,008 - Detected 1 faces
2026-03-28 19:05:44,381 - Detected 1 faces
2026-03-28 19:05:44,758 - Detected 1 faces
2026-03-28 19:05:45,142 - Detected 1 faces
2026-03-28 19:05:45,514 - Detected 1 faces
2026-03-28 19:05:45,888 - Detected 1 faces
2026-03-28 19:05:46,272 - Detected 1 faces
2026-03-28 19:05:46,672 - Detected 1 faces
2026-03-28 19:05:47,038 - Detected 1 faces
2026-03-28 19:05:47,401 - Detected 1 faces
2026-03-28 19:05:48,015 - Detected 1 faces
2026-03-28 19:05:49,211 - Detected 1 faces
2026-03-28 19:05:50,354 - Detected 1 faces
2026-03-28 19:05:51,643 - Detected 1 faces
2026-03-28 19:05:52,891 - Detected 1 faces
2026-03-28 19:05:54,023 - Detected 1 faces
2026-03-28 19:05:55,223 - Detected 1 faces
2026-03-28 19:05:56,537 - Detected 1 faces
2026-03-28 19:05:57,831 - Detected 1 faces
2026-03-28 19:05:59,008 - Detected 1 faces
2026-03-28 19:06:00,193 - Detected 1 faces
2026-03-28 19:06:01,306 - Detected 1 faces
2026-03-28 19:06:02,496 - Detected 1 faces
2026-03-28 19:06:03,563 - Detected 1 faces
2026-03-28 19:06:04,696 - Detected 1 faces
2026-03-28 19:06:05,846 - Detected 1 faces
2026-03-28 19:06:07,166 - Detected 1 faces
2026-03-28 19:06:08,347 - Detected 1 faces
2026-03-28 19:06:09,607 - Detected 1 faces
2026-03-28 19:06:10,967 - Detected 1 faces
2026-03-28 19:06:12,188 - Detected 1 faces
2026-03-28 19:06:13,426 - Detected 1 faces
2026-03-28 19:06:14,707 - Detected 1 faces
2026-03-28 19:06:15,985 - Detected 1 faces
2026-03-28 19:06:17,138 - Detected 1 faces
2026-03-28 19:06:18,239 - Detected 1 faces
2026-03-28 19:06:19,291 - Detected 1 faces
2026-03-28 19:06:20,480 - Detected 1 faces
2026-03-28 19:06:21,608 - Detected 1 faces
2026-03-28 19:06:24,173 - Detected 1 faces
2026-03-28 19:06:25,332 - Detected 1 faces
2026-03-28 19:06:26,581 - Detected 1 faces
2026-03-28 19:06:27,775 - Detected 1 faces
2026-03-28 19:06:29,152 - Detected 1 faces
2026-03-28 19:06:30,406 - Detected 1 faces
2026-03-28 19:06:31,715 - Detected 1 faces
2026-03-28 19:06:33,083 - Detected 1 faces
2026-03-28 19:06:34,407 - Detected 1 faces
2026-03-28 19:06:35,644 - Detected 1 faces
2026-03-28 19:06:36,933 - Detected 1 faces
2026-03-28 19:06:38,169 - Detected 1 faces
2026-03-28 19:06:39,445 - Detected 1 faces
2026-03-28 19:06:40,569 - Detected 1 faces
2026-03-28 19:06:41,455 - Detected 1 faces
2026-03-28 19:06:41,828 - Detected 1 faces
2026-03-28 19:06:42,203 - Detected 1 faces
2026-03-28 19:06:42,709 - Detected 1 faces
2026-03-28 19:06:43,652 - Detected 1 faces
2026-03-28 19:06:44,814 - Detected 1 faces
2026-03-28 19:06:46,055 - Detected 1 faces
2026-03-28 19:06:47,192 - Detected 1 faces
2026-03-28 19:06:48,330 - Detected 1 faces
2026-03-28 19:06:49,531 - Detected 1 faces
2026-03-28 19:06:50,700 - Detected 1 faces
2026-03-28 19:06:51,815 - Detected 1 faces
2026-03-28 19:06:52,953 - Detected 1 faces
2026-03-28 19:06:54,110 - Detected 1 faces
2026-03-28 19:06:55,293 - Detected 1 faces
2026-03-28 19:06:56,498 - Detected 1 faces
2026-03-28 19:06:57,732 - Detected 1 faces
2026-03-28 19:06:59,099 - Detected 1 faces
2026-03-28 19:07:00,434 - Detected 1 faces
2026-03-28 19:07:01,366 - Detected 0 faces
2026-03-28 19:07:03,252 - Detected 1 faces
2026-03-28 19:07:04,624 - Detected 1 faces
2026-03-28 19:07:05,970 - Detected 1 faces
2026-03-28 19:07:07,104 - Detected 1 faces
2026-03-28 19:07:08,145 - Detected 1 faces
2026-03-28 19:07:09,272 - Detected 1 faces
2026-03-28 19:07:10,053 - Detected 1 faces
2026-03-28 19:07:10,444 - Detected 1 faces
2026-03-28 19:07:10,854 - Detected 1 faces
2026-03-28 19:07:11,300 - Detected 1 faces
2026-03-28 19:07:11,827 - Detected 1 faces
2026-03-28 19:07:12,305 - Detected 1 faces
2026-03-28 19:07:12,689 - Detected 1 faces
2026-03-28 19:07:13,075 - Detected 1 faces
2026-03-28 19:07:13,467 - Detected 1 faces
2026-03-28 19:07:13,875 - Detected 1 faces
2026-03-28 19:07:14,329 - Detected 1 faces
2026-03-28 19:07:15,606 - Detected 1 faces
2026-03-28 19:07:16,922 - Detected 1 faces
2026-03-28 19:07:18,065 - Detected 1 faces
2026-03-28 19:07:19,335 - Detected 1 faces
2026-03-28 19:07:20,688 - Detected 1 faces
2026-03-28 19:07:22,063 - Detected 1 faces
2026-03-28 19:07:23,409 - Detected 1 faces
2026-03-28 19:07:24,729 - Detected 1 faces
2026-03-28 19:07:26,100 - Detected 1 faces
2026-03-28 19:07:27,359 - Detected 1 faces
2026-03-28 19:07:28,715 - Detected 1 faces
2026-03-28 19:07:30,069 - Detected 1 faces
2026-03-28 19:07:31,329 - Detected 1 faces
2026-03-28 19:07:32,608 - Detected 1 faces
2026-03-28 19:07:33,867 - Detected 1 faces
2026-03-28 19:07:35,044 - Detected 1 faces
2026-03-28 19:07:36,087 - Detected 1 faces
2026-03-28 19:07:37,139 - Detected 1 faces
2026-03-28 19:07:38,235 - Detected 1 faces
2026-03-28 19:07:39,364 - Detected 1 faces
2026-03-28 19:07:40,594 - Detected 1 faces
2026-03-28 19:07:41,907 - Detected 1 faces
2026-03-28 19:07:43,135 - Detected 1 faces
2026-03-28 19:07:44,292 - Detected 1 faces
2026-03-28 19:07:45,407 - Detected 1 faces
2026-03-28 19:07:46,389 - Detected 1 faces
2026-03-28 19:07:47,119 - Detected 1 faces
2026-03-28 19:07:48,197 - Detected 1 faces
2026-03-28 19:07:49,371 - Detected 1 faces
2026-03-28 19:07:50,628 - Detected 1 faces
2026-03-28 19:07:51,835 - Detected 1 faces
2026-03-28 19:07:52,856 - Detected 1 faces
2026-03-28 19:07:53,675 - Detected 1 faces
2026-03-28 19:07:54,526 - Detected 1 faces
2026-03-28 19:07:55,545 - Detected 1 faces
2026-03-28 19:07:56,669 - Detected 1 faces
2026-03-28 19:07:57,910 - Detected 1 faces
2026-03-28 19:07:58,902 - Detected 1 faces
2026-03-28 19:08:00,000 - Detected 1 faces
2026-03-28 19:08:01,163 - Detected 1 faces
2026-03-28 19:08:02,291 - Detected 1 faces
2026-03-28 19:08:03,392 - Detected 1 faces
2026-03-28 19:08:04,594 - Detected 1 faces
2026-03-28 19:08:05,763 - Detected 1 faces
2026-03-28 19:08:06,576 - Detected 1 faces
2026-03-28 19:08:07,768 - Detected 1 faces
2026-03-28 19:08:09,018 - Detected 1 faces
2026-03-28 19:08:10,309 - Detected 1 faces
2026-03-28 19:08:11,496 - Detected 1 faces
2026-03-28 19:08:12,655 - Detected 1 faces
2026-03-28 19:08:13,745 - Detected 1 faces
2026-03-28 19:08:14,856 - Detected 1 faces
2026-03-28 19:08:15,955 - Detected 1 faces
2026-03-28 19:08:17,105 - Detected 1 faces
2026-03-28 19:08:18,266 - Detected 1 faces
2026-03-28 19:08:19,341 - Detected 1 faces
2026-03-28 19:08:20,517 - Detected 1 faces
2026-03-28 19:08:21,721 - Detected 1 faces
2026-03-28 19:08:22,867 - Detected 1 faces
2026-03-28 19:08:24,001 - Detected 1 faces
2026-03-28 19:08:25,159 - Detected 1 faces
2026-03-28 19:08:26,363 - Detected 1 faces
2026-03-28 19:08:27,552 - Detected 1 faces
2026-03-28 19:08:28,701 - Detected 1 faces
2026-03-28 19:08:29,922 - Detected 1 faces
2026-03-28 19:08:31,146 - Detected 1 faces
2026-03-28 19:08:31,675 - Detected 1 faces
2026-03-28 19:08:32,063 - Detected 1 faces
2026-03-28 19:08:32,514 - Detected 1 faces
2026-03-28 19:08:33,018 - Detected 1 faces
2026-03-28 19:08:33,505 - Detected 1 faces
2026-03-28 19:08:34,027 - Detected 1 faces
2026-03-28 19:08:34,502 - Detected 1 faces
2026-03-28 19:08:34,940 - Detected 1 faces
2026-03-28 19:08:35,340 - Detected 1 faces
2026-03-28 19:08:35,701 - Detected 1 faces
2026-03-28 19:08:36,061 - Detected 1 faces
2026-03-28 19:08:36,453 - Detected 1 faces
2026-03-28 19:08:36,844 - Detected 1 faces
2026-03-28 19:08:37,221 - Detected 1 faces
2026-03-28 19:08:37,606 - Detected 1 faces
2026-03-28 19:08:37,973 - Detected 1 faces
2026-03-28 19:08:38,341 - Detected 1 faces
2026-03-28 19:08:38,711 - Detected 1 faces
2026-03-28 19:08:39,117 - Detected 1 faces
2026-03-28 19:08:39,491 - Detected 1 faces
2026-03-28 19:08:39,871 - Detected 1 faces
2026-03-28 19:08:40,246 - Detected 1 faces
2026-03-28 19:08:40,613 - Detected 1 faces
2026-03-28 19:08:41,005 - Detected 1 faces
2026-03-28 19:08:41,383 - Detected 1 faces
2026-03-28 19:08:41,751 - Detected 1 faces
2026-03-28 19:08:42,119 - Detected 1 faces
2026-03-28 19:08:42,502 - Detected 1 faces
2026-03-28 19:08:42,879 - Detected 1 faces
2026-03-28 19:08:43,254 - Detected 1 faces
2026-03-28 19:08:43,627 - Detected 1 faces
2026-03-28 19:08:44,013 - Detected 1 faces
2026-03-28 19:08:44,380 - Detected 1 faces
2026-03-28 19:08:44,755 - Detected 1 faces
2026-03-28 19:08:45,715 - Detected 1 faces
2026-03-28 19:08:46,434 - Detected 0 faces
2026-03-28 19:08:47,729 - Detected 1 faces
2026-03-28 19:08:48,868 - Detected 1 faces
2026-03-28 19:08:50,053 - Detected 1 faces
2026-03-28 19:08:51,272 - Detected 1 faces
2026-03-28 19:08:52,408 - Detected 1 faces
2026-03-28 19:08:53,579 - Detected 1 faces
2026-03-28 19:08:54,739 - Detected 1 faces
2026-03-28 19:08:55,992 - Detected 1 faces
2026-03-28 19:08:57,233 - Detected 1 faces
2026-03-28 19:08:58,314 - Detected 1 faces
2026-03-28 19:08:59,404 - Detected 1 faces
2026-03-28 19:09:00,541 - Detected 1 faces
2026-03-28 19:09:01,675 - Detected 1 faces
2026-03-28 19:09:02,802 - Detected 1 faces
2026-03-28 19:09:03,947 - Detected 1 faces
2026-03-28 19:09:05,121 - Detected 1 faces
2026-03-28 19:09:06,320 - Detected 1 faces
2026-03-28 19:09:07,528 - Detected 1 faces
2026-03-28 19:09:08,708 - Detected 1 faces
2026-03-28 19:09:09,863 - Detected 1 faces
2026-03-28 19:09:10,999 - Detected 1 faces
2026-03-28 19:09:12,094 - Detected 1 faces
2026-03-28 19:09:13,216 - Detected 1 faces
2026-03-28 19:09:14,307 - Detected 1 faces
2026-03-28 19:09:15,422 - Detected 1 faces
2026-03-28 19:09:16,538 - Detected 1 faces
2026-03-28 19:09:17,659 - Detected 1 faces
2026-03-28 19:09:18,837 - Detected 1 faces
2026-03-28 19:09:19,968 - Detected 1 faces
2026-03-28 19:09:21,088 - Detected 1 faces
2026-03-28 19:09:22,210 - Detected 1 faces
2026-03-28 19:09:23,360 - Detected 1 faces
2026-03-28 19:09:24,579 - Detected 1 faces
2026-03-28 19:09:25,771 - Detected 1 faces
2026-03-28 19:09:26,879 - Detected 1 faces
2026-03-28 19:09:28,045 - Detected 1 faces
2026-03-28 19:09:29,200 - Detected 1 faces
2026-03-28 19:09:30,384 - Detected 1 faces
2026-03-28 19:09:31,582 - Detected 1 faces
2026-03-28 19:09:32,832 - Detected 1 faces
2026-03-28 19:09:34,024 - Detected 1 faces
2026-03-28 19:09:35,265 - Detected 1 faces
2026-03-28 19:09:36,343 - Detected 1 faces
2026-03-28 19:09:37,651 - Detected 1 faces
2026-03-28 19:09:38,854 - Detected 1 faces
2026-03-28 19:09:40,137 - Detected 1 faces
2026-03-28 19:09:41,329 - Detected 1 faces
2026-03-28 19:09:42,595 - Detected 1 faces
2026-03-28 19:09:43,812 - Detected 1 faces
2026-03-28 19:09:45,023 - Detected 1 faces
2026-03-28 19:09:45,773 - Detected 0 faces
2026-03-28 19:09:46,585 - Detected 0 faces
2026-03-28 19:09:47,444 - Detected 0 faces
2026-03-28 19:09:48,305 - Detected 0 faces
2026-03-28 19:09:49,052 - Detected 0 faces
2026-03-28 19:09:49,915 - Detected 0 faces
2026-03-28 19:09:50,763 - Detected 0 faces
2026-03-28 19:09:51,613 - Detected 0 faces
2026-03-28 19:09:52,808 - Detected 1 faces
2026-03-28 19:09:54,034 - Detected 1 faces
2026-03-28 19:09:55,296 - Detected 1 faces
2026-03-28 19:09:56,573 - Detected 1 faces
2026-03-28 19:09:57,771 - Detected 1 faces
2026-03-28 19:09:58,837 - Detected 1 faces
2026-03-28 19:10:00,061 - Detected 1 faces
2026-03-28 19:10:01,277 - Detected 1 faces
2026-03-28 19:10:02,467 - Detected 1 faces
2026-03-28 19:10:03,657 - Detected 1 faces
2026-03-28 19:10:04,926 - Detected 1 faces
2026-03-28 19:10:06,144 - Detected 1 faces
2026-03-28 19:10:07,341 - Detected 1 faces
2026-03-28 19:10:08,545 - Detected 1 faces
2026-03-28 19:10:09,731 - Detected 1 faces
2026-03-28 19:10:10,973 - Detected 1 faces
2026-03-28 19:10:11,831 - Detected 0 faces
2026-03-28 19:10:12,966 - Detected 1 faces
2026-03-28 19:10:14,210 - Detected 1 faces
2026-03-28 19:10:15,336 - Detected 1 faces
2026-03-28 19:10:16,696 - Detected 1 faces
2026-03-28 19:10:17,938 - Detected 1 faces
2026-03-28 19:10:19,116 - Detected 1 faces
2026-03-28 19:10:20,273 - Detected 1 faces
2026-03-28 19:10:21,423 - Detected 1 faces
2026-03-28 19:10:22,609 - Detected 1 faces
2026-03-28 19:10:23,710 - Detected 1 faces
2026-03-28 19:10:24,928 - Detected 1 faces
2026-03-28 19:10:26,077 - Detected 1 faces
2026-03-28 19:10:27,282 - Detected 1 faces
2026-03-28 19:10:28,489 - Detected 1 faces
2026-03-28 19:10:29,671 - Detected 1 faces
2026-03-28 19:10:30,845 - Detected 1 faces
2026-03-28 19:10:32,079 - Detected 1 faces
2026-03-28 19:10:33,332 - Detected 1 faces
2026-03-28 19:10:34,405 - Detected 1 faces
2026-03-28 19:10:35,591 - Detected 1 faces
2026-03-28 19:10:36,854 - Detected 1 faces
2026-03-28 19:10:38,072 - Detected 1 faces
2026-03-28 19:10:39,434 - Detected 1 faces
2026-03-28 19:10:40,606 - Detected 1 faces
2026-03-28 19:10:41,764 - Detected 1 faces
2026-03-28 19:10:43,026 - Detected 1 faces
2026-03-28 19:10:44,312 - Detected 1 faces
2026-03-28 19:10:45,539 - Detected 1 faces
2026-03-28 19:10:46,619 - Detected 1 faces
2026-03-28 19:10:47,753 - Detected 1 faces
2026-03-28 19:10:48,723 - Detected 1 faces
2026-03-28 19:10:49,853 - Detected 1 faces
2026-03-28 19:10:50,961 - Detected 1 faces
2026-03-28 19:10:52,045 - Detected 1 faces
2026-03-28 19:10:53,226 - Detected 1 faces
2026-03-28 19:10:54,285 - Detected 1 faces
2026-03-28 19:10:55,285 - Detected 1 faces
2026-03-28 19:10:56,328 - Detected 1 faces
2026-03-28 19:10:57,472 - Detected 1 faces
2026-03-28 19:10:58,588 - Detected 1 faces
2026-03-28 19:10:59,737 - Detected 1 faces
2026-03-28 19:11:00,686 - Detected 1 faces
2026-03-28 19:11:01,769 - Detected 1 faces
2026-03-28 19:11:03,001 - Detected 1 faces
2026-03-28 19:11:04,122 - Detected 1 faces
2026-03-28 19:11:05,392 - Detected 1 faces
2026-03-28 19:11:06,675 - Detected 1 faces
2026-03-28 19:11:07,771 - Detected 1 faces
2026-03-28 19:11:08,960 - Detected 1 faces
2026-03-28 19:11:10,019 - Detected 1 faces
2026-03-28 19:11:11,189 - Detected 1 faces
2026-03-28 19:11:12,382 - Detected 1 faces
2026-03-28 19:11:13,570 - Detected 1 faces
2026-03-28 19:11:14,735 - Detected 1 faces
2026-03-28 19:11:15,880 - Detected 1 faces
2026-03-28 19:11:17,097 - Detected 1 faces
2026-03-28 19:11:18,306 - Detected 1 faces
2026-03-28 19:11:19,543 - Detected 1 faces
2026-03-28 19:11:20,772 - Detected 1 faces
2026-03-28 19:11:22,036 - Detected 1 faces
2026-03-28 19:11:23,286 - Detected 1 faces
2026-03-28 19:11:24,531 - Detected 1 faces
2026-03-28 19:11:25,742 - Detected 1 faces
2026-03-28 19:11:26,992 - Detected 1 faces
2026-03-28 19:11:28,103 - Detected 1 faces
2026-03-28 19:11:29,340 - Detected 1 faces
2026-03-28 19:11:30,530 - Detected 1 faces
2026-03-28 19:11:31,406 - Detected 0 faces
2026-03-28 19:11:32,366 - Detected 0 faces
2026-03-28 19:11:33,323 - Detected 0 faces
2026-03-28 19:11:34,268 - Detected 0 faces
2026-03-28 19:11:35,219 - Detected 0 faces
2026-03-28 19:11:36,143 - Detected 0 faces
2026-03-28 19:11:37,060 - Detected 0 faces
2026-03-28 19:11:38,009 - Detected 0 faces
2026-03-28 19:11:38,839 - Detected 0 faces
2026-03-28 19:11:39,675 - Detected 0 faces
2026-03-28 19:11:40,894 - Detected 1 faces
2026-03-28 19:11:42,256 - Detected 1 faces
2026-03-28 19:11:43,626 - Detected 1 faces
2026-03-28 19:11:44,979 - Detected 1 faces
2026-03-28 19:11:46,328 - Detected 1 faces
2026-03-28 19:11:47,657 - Detected 1 faces
2026-03-28 19:11:49,000 - Detected 1 faces
2026-03-28 19:11:50,378 - Detected 1 faces
2026-03-28 19:11:51,710 - Detected 1 faces
2026-03-28 19:11:53,044 - Detected 1 faces
2026-03-28 19:11:54,308 - Detected 1 faces
2026-03-28 19:11:55,448 - Detected 1 faces
2026-03-28 19:11:56,587 - Detected 1 faces
2026-03-28 19:11:57,743 - Detected 1 faces
2026-03-28 19:11:58,904 - Detected 1 faces
2026-03-28 19:12:00,186 - Detected 1 faces
2026-03-28 19:12:01,356 - Detected 1 faces
2026-03-28 19:12:02,477 - Detected 1 faces
2026-03-28 19:12:03,592 - Detected 1 faces
2026-03-28 19:12:04,735 - Detected 1 faces
2026-03-28 19:12:05,909 - Detected 1 faces
2026-03-28 19:12:06,971 - Detected 1 faces
2026-03-28 19:12:07,899 - Detected 1 faces
2026-03-28 19:12:08,838 - Detected 1 faces
2026-03-28 19:12:09,730 - Detected 1 faces
2026-03-28 19:12:10,328 - Detected 1 faces
2026-03-28 19:12:10,746 - Detected 1 faces
2026-03-28 19:12:11,142 - Detected 1 faces
2026-03-28 19:12:11,625 - Detected 1 faces
2026-03-28 19:12:12,056 - Detected 1 faces
2026-03-28 19:12:12,555 - Detected 1 faces
2026-03-28 19:12:12,946 - Detected 1 faces
2026-03-28 19:12:13,323 - Detected 1 faces
2026-03-28 19:12:13,689 - Detected 1 faces
2026-03-28 19:12:14,063 - Detected 1 faces
2026-03-28 19:12:14,453 - Detected 1 faces
2026-03-28 19:12:14,825 - Detected 1 faces
2026-03-28 19:12:15,200 - Detected 1 faces
2026-03-28 19:12:15,575 - Detected 1 faces
2026-03-28 19:12:15,949 - Detected 1 faces
2026-03-28 19:12:16,327 - Detected 1 faces
2026-03-28 19:12:16,688 - Detected 1 faces
2026-03-28 19:12:17,052 - Detected 1 faces
2026-03-28 19:12:17,421 - Detected 1 faces
2026-03-28 19:12:17,818 - Detected 1 faces
2026-03-28 19:12:18,191 - Detected 1 faces
2026-03-28 19:12:18,579 - Detected 1 faces
2026-03-28 19:12:18,938 - Detected 1 faces
2026-03-28 19:12:19,297 - Detected 1 faces
2026-03-28 19:12:19,718 - Detected 1 faces
2026-03-28 19:12:20,118 - Detected 1 faces
2026-03-28 19:12:20,525 - Detected 1 faces
2026-03-28 19:12:20,970 - Detected 1 faces
2026-03-28 19:12:21,352 - Detected 1 faces
2026-03-28 19:12:21,740 - Detected 1 faces
2026-03-28 19:12:22,147 - Detected 1 faces
2026-03-28 19:12:22,543 - Detected 1 faces
2026-03-28 19:12:22,953 - Detected 1 faces
2026-03-28 19:12:23,335 - Detected 1 faces
2026-03-28 19:12:23,745 - Detected 1 faces
2026-03-28 19:12:24,136 - Detected 1 faces
2026-03-28 19:12:24,530 - Detected 1 faces
2026-03-28 19:12:25,071 - Detected 1 faces
2026-03-28 19:12:25,467 - Detected 1 faces
2026-03-28 19:12:25,866 - Detected 1 faces
2026-03-28 19:12:26,264 - Detected 1 faces
2026-03-28 19:12:26,644 - Detected 1 faces
2026-03-28 19:12:27,038 - Detected 1 faces
2026-03-28 19:12:27,436 - Detected 1 faces
2026-03-28 19:12:27,812 - Detected 1 faces
2026-03-28 19:12:28,190 - Detected 1 faces
2026-03-28 19:12:28,566 - Detected 1 faces
2026-03-28 19:12:28,945 - Detected 1 faces
2026-03-28 19:12:29,324 - Detected 1 faces
2026-03-28 19:12:29,746 - Detected 1 faces
2026-03-28 19:12:30,170 - Detected 1 faces
2026-03-28 19:12:30,607 - Detected 1 faces
2026-03-28 19:12:31,062 - Detected 1 faces
2026-03-28 19:12:31,492 - Detected 1 faces
2026-03-28 19:12:32,028 - Detected 1 faces
2026-03-28 19:12:32,467 - Detected 1 faces
2026-03-28 19:12:32,854 - Detected 1 faces
2026-03-28 19:12:33,279 - Detected 1 faces
2026-03-28 19:12:33,670 - Detected 1 faces
2026-03-28 19:12:34,212 - Detected 1 faces
2026-03-28 19:12:34,593 - Detected 1 faces
2026-03-28 19:12:35,116 - Detected 1 faces
2026-03-28 19:12:35,615 - Detected 1 faces
2026-03-28 19:12:36,125 - Detected 1 faces
2026-03-28 19:12:36,491 - Detected 1 faces
2026-03-28 19:12:36,876 - Detected 1 faces
2026-03-28 19:12:37,239 - Detected 1 faces
2026-03-28 19:12:37,608 - Detected 1 faces
2026-03-28 19:12:38,004 - Detected 1 faces
2026-03-28 19:12:38,424 - Detected 1 faces
2026-03-28 19:12:38,880 - Detected 1 faces
2026-03-28 19:12:39,328 - Detected 1 faces
2026-03-28 19:12:39,768 - Detected 1 faces
2026-03-28 19:12:40,216 - Detected 1 faces
2026-03-28 19:12:40,629 - Detected 1 faces
2026-03-28 19:12:41,049 - Detected 1 faces
2026-03-29 12:58:56,246 - Camera started
2026-03-29 12:58:57,769 - Detected 1 faces
2026-03-29 12:58:59,210 - Detected 1 faces
2026-03-29 12:59:00,464 - Detected 1 faces
2026-03-29 12:59:01,842 - Detected 1 faces
2026-03-29 12:59:02,968 - Detected 1 faces
2026-03-29 12:59:04,177 - Detected 1 faces
2026-03-29 12:59:05,479 - Detected 1 faces
2026-03-29 12:59:06,746 - Detected 1 faces
2026-03-29 12:59:07,983 - Detected 1 faces
2026-03-29 12:59:09,202 - Detected 1 faces
2026-03-29 12:59:10,453 - Detected 1 faces
2026-03-29 12:59:11,696 - Detected 1 faces
2026-03-29 12:59:12,930 - Detected 1 faces
2026-03-29 12:59:14,234 - Detected 1 faces
2026-03-29 12:59:15,495 - Detected 1 faces
2026-03-29 12:59:17,135 - Camera stopped
2026-03-29 13:09:04,274 - Camera started
2026-03-29 13:09:05,723 - Detected 1 faces
2026-03-29 13:09:07,144 - Detected 1 faces
2026-03-29 13:09:08,453 - Detected 1 faces
2026-03-29 13:09:09,759 - Detected 1 faces
2026-03-29 13:09:11,051 - Detected 1 faces
2026-03-29 13:09:12,332 - Detected 1 faces
2026-03-29 13:09:13,614 - Detected 1 faces
2026-03-29 13:09:14,971 - Detected 1 faces
2026-03-29 13:09:16,270 - Detected 1 faces
2026-03-29 13:09:17,578 - Detected 1 faces
2026-03-29 13:09:19,008 - Detected 1 faces
2026-03-29 13:09:19,839 - Detected 1 faces
2026-03-29 13:09:21,183 - Detected 1 faces
2026-03-29 13:09:22,520 - Detected 1 faces
2026-03-29 13:09:23,854 - Detected 1 faces
2026-03-29 13:09:25,167 - Detected 1 faces
2026-03-29 13:09:26,387 - Detected 1 faces
2026-03-29 13:09:27,324 - Detected 1 faces
2026-03-29 13:09:28,222 - Detected 1 faces
2026-03-29 13:09:29,122 - Detected 1 faces
2026-03-29 13:09:29,986 - Detected 1 faces
2026-03-29 13:09:30,884 - Detected 1 faces
2026-03-29 13:09:31,791 - Detected 1 faces
2026-03-29 13:09:32,717 - Detected 1 faces
2026-03-29 13:09:33,612 - Detected 1 faces
2026-03-29 13:09:34,539 - Detected 1 faces
2026-03-29 13:09:35,427 - Detected 1 faces
2026-03-29 13:09:36,316 - Detected 1 faces
2026-03-29 13:09:37,222 - Detected 1 faces
2026-03-29 13:09:38,140 - Detected 1 faces
2026-03-29 13:09:39,032 - Detected 1 faces
2026-03-29 13:09:39,935 - Detected 1 faces
2026-03-29 13:09:40,883 - Detected 1 faces
2026-03-29 13:09:41,786 - Detected 1 faces
2026-03-29 13:09:43,125 - Detected 1 faces
2026-03-29 13:09:44,377 - Detected 1 faces
2026-03-29 13:09:45,655 - Detected 1 faces
2026-03-29 13:09:46,971 - Detected 1 faces
2026-03-29 13:09:48,317 - Detected 1 faces
2026-03-29 13:09:49,617 - Detected 1 faces
2026-03-29 13:09:50,928 - Detected 1 faces
2026-03-29 13:09:52,220 - Detected 1 faces
2026-03-29 13:09:53,530 - Detected 1 faces
2026-03-29 13:09:54,901 - Detected 1 faces
2026-03-29 13:09:56,212 - Detected 1 faces
2026-03-29 13:09:57,492 - Detected 1 faces
2026-03-29 13:09:58,800 - Detected 1 faces
2026-03-29 13:10:00,113 - Detected 1 faces
2026-03-29 13:10:01,409 - Detected 1 faces
2026-03-29 13:10:02,717 - Detected 1 faces
2026-03-29 13:10:03,631 - Detected 0 faces
2026-03-29 13:10:04,570 - Detected 0 faces
2026-03-29 13:10:05,939 - Detected 1 faces
2026-03-29 13:10:07,261 - Detected 1 faces
2026-03-29 13:10:08,594 - Detected 1 faces
2026-03-29 13:10:09,914 - Detected 1 faces
2026-03-29 13:10:11,222 - Detected 1 faces
2026-03-29 13:10:12,554 - Detected 1 faces
2026-03-29 13:10:13,904 - Detected 1 faces
2026-03-29 13:10:15,207 - Detected 1 faces
2026-03-29 13:10:16,514 - Detected 1 faces
2026-03-29 13:10:17,813 - Detected 1 faces
2026-03-29 13:10:19,158 - Detected 1 faces
2026-03-29 13:10:20,482 - Detected 1 faces
2026-03-29 13:10:21,808 - Detected 1 faces
2026-03-29 13:10:23,111 - Detected 1 faces
2026-03-29 13:10:24,393 - Detected 1 faces
2026-03-29 13:10:25,700 - Detected 1 faces
2026-03-29 13:10:27,008 - Detected 1 faces
2026-03-29 13:10:28,271 - Detected 1 faces
2026-03-29 13:10:29,564 - Detected 1 faces
2026-03-29 13:10:30,823 - Detected 1 faces
2026-03-29 13:10:32,163 - Detected 1 faces
2026-03-29 13:10:33,510 - Detected 1 faces
2026-03-29 13:10:34,823 - Detected 1 faces
2026-03-29 13:10:36,190 - Detected 1 faces
2026-03-29 13:10:37,488 - Detected 1 faces
2026-03-29 13:10:38,800 - Detected 1 faces
2026-03-29 13:10:40,094 - Detected 1 faces
2026-03-29 13:10:41,408 - Detected 1 faces
2026-03-29 13:10:42,740 - Detected 1 faces
2026-03-29 13:10:44,047 - Detected 1 faces
2026-03-29 13:10:45,380 - Detected 1 faces
2026-03-29 13:10:46,684 - Detected 1 faces
2026-03-29 13:10:47,943 - Detected 1 faces
2026-03-29 13:10:49,267 - Detected 1 faces
2026-03-29 13:10:50,512 - Detected 1 faces
2026-03-29 13:10:51,744 - Detected 1 faces
2026-03-29 13:10:53,011 - Detected 1 faces
2026-03-29 13:10:54,302 - Detected 1 faces
2026-03-29 13:10:55,590 - Detected 1 faces
2026-03-29 13:10:56,945 - Detected 1 faces
2026-03-29 13:10:58,250 - Detected 1 faces
2026-03-29 13:10:59,557 - Detected 1 faces
2026-03-29 13:11:00,875 - Detected 1 faces
2026-03-29 13:11:02,221 - Detected 1 faces
2026-03-29 13:11:03,583 - Detected 1 faces
2026-03-29 13:11:04,910 - Detected 1 faces
2026-03-29 13:11:06,300 - Detected 1 faces
2026-03-29 13:11:07,604 - Detected 1 faces
2026-03-29 13:11:08,924 - Detected 1 faces
2026-03-29 13:11:10,247 - Detected 1 faces
2026-03-29 13:11:11,448 - Detected 1 faces
2026-03-29 13:11:12,333 - Detected 1 faces
2026-03-29 13:11:13,248 - Detected 1 faces
2026-03-29 13:11:14,123 - Detected 1 faces
2026-03-29 13:11:15,017 - Detected 1 faces
2026-03-29 13:11:15,897 - Detected 1 faces
2026-03-29 13:11:16,783 - Detected 1 faces
2026-03-29 13:11:17,669 - Detected 1 faces
2026-03-29 13:11:18,567 - Detected 1 faces
2026-03-29 13:11:19,467 - Detected 1 faces
2026-03-29 13:11:20,330 - Detected 1 faces
2026-03-29 13:11:21,220 - Detected 1 faces
2026-03-29 13:11:22,464 - Detected 1 faces
2026-03-29 13:11:23,668 - Detected 1 faces
2026-03-29 13:11:24,877 - Detected 1 faces
2026-03-29 13:11:25,968 - Detected 1 faces
2026-03-29 13:11:26,905 - Detected 1 faces
2026-03-29 13:11:27,809 - Detected 1 faces
2026-03-29 13:11:28,699 - Detected 1 faces
2026-03-29 13:11:29,587 - Detected 1 faces
2026-03-29 13:11:30,292 - Detected 1 faces
2026-03-29 13:11:31,043 - Detected 1 faces
2026-03-29 13:11:31,864 - Detected 1 faces
2026-03-29 13:11:32,729 - Detected 1 faces
2026-03-29 13:11:33,589 - Detected 1 faces
2026-03-29 13:11:34,457 - Detected 1 faces
2026-03-29 13:11:35,331 - Detected 1 faces
2026-03-29 13:11:36,204 - Detected 1 faces
2026-03-29 13:11:37,083 - Detected 1 faces
2026-03-29 13:11:37,952 - Detected 1 faces
2026-03-29 13:11:38,836 - Detected 1 faces
2026-03-29 13:11:39,739 - Detected 1 faces
2026-03-29 13:11:40,592 - Detected 1 faces
2026-03-29 13:11:41,498 - Detected 1 faces
2026-03-29 13:11:42,386 - Detected 1 faces
2026-03-29 13:11:43,246 - Detected 1 faces
2026-03-29 13:11:44,099 - Detected 1 faces
2026-03-29 13:11:44,961 - Detected 1 faces
2026-03-29 13:11:45,839 - Detected 1 faces
2026-03-29 13:11:46,701 - Detected 1 faces
2026-03-29 13:11:47,575 - Detected 1 faces
2026-03-29 13:11:48,421 - Detected 1 faces
2026-03-29 13:11:49,294 - Detected 1 faces
2026-03-29 13:11:49,867 - Detected 0 faces
2026-03-29 13:11:50,437 - Detected 0 faces
2026-03-29 13:11:51,316 - Detected 1 faces
2026-03-29 13:11:52,194 - Detected 1 faces
2026-03-29 13:11:52,779 - Detected 0 faces
2026-03-29 13:11:53,363 - Detected 0 faces
2026-03-29 13:11:53,954 - Detected 0 faces
2026-03-29 13:11:54,544 - Detected 0 faces
2026-03-29 13:11:55,171 - Detected 0 faces
2026-03-29 13:11:56,023 - Detected 0 faces
2026-03-29 13:11:57,284 - Detected 1 faces
2026-03-29 13:11:58,150 - Detected 0 faces
2026-03-29 13:11:59,026 - Detected 0 faces
2026-03-29 13:11:59,775 - Detected 0 faces
2026-03-29 13:12:00,353 - Detected 0 faces
2026-03-29 13:12:00,924 - Detected 0 faces
2026-03-29 13:12:01,498 - Detected 0 faces
2026-03-29 13:12:02,086 - Detected 0 faces
2026-03-29 13:12:02,668 - Detected 0 faces
2026-03-29 13:12:03,267 - Detected 0 faces
2026-03-29 13:12:04,161 - Detected 1 faces
2026-03-29 13:12:05,058 - Detected 1 faces
2026-03-29 13:12:05,966 - Detected 1 faces
2026-03-29 13:12:06,865 - Detected 1 faces
2026-03-29 13:12:07,805 - Detected 1 faces
2026-03-29 13:12:09,059 - Detected 1 faces
2026-03-29 13:12:10,443 - Detected 1 faces
2026-03-29 13:12:11,357 - Detected 0 faces
2026-03-29 13:12:12,291 - Detected 0 faces
2026-03-29 13:12:13,177 - Detected 0 faces
2026-03-29 13:12:14,100 - Detected 0 faces
2026-03-29 13:12:15,027 - Detected 0 faces
2026-03-29 13:12:15,974 - Detected 0 faces
2026-03-29 13:12:16,895 - Detected 0 faces
2026-03-29 13:12:18,219 - Detected 1 faces
2026-03-29 13:12:19,621 - Detected 1 faces
2026-03-29 13:12:20,947 - Detected 1 faces
2026-03-29 13:12:22,242 - Detected 1 faces
2026-03-29 13:12:22,845 - Detected 1 faces
2026-03-29 13:12:24,165 - Detected 1 faces
2026-03-29 13:12:25,195 - Detected 1 faces
2026-03-29 13:12:26,104 - Detected 1 faces
2026-03-29 13:12:27,038 - Detected 1 faces
2026-03-29 13:12:27,962 - Detected 1 faces
2026-03-29 13:12:28,885 - Detected 1 faces
2026-03-29 13:12:29,812 - Detected 1 faces
2026-03-29 13:12:30,753 - Detected 1 faces
2026-03-29 13:12:31,657 - Detected 1 faces
2026-03-29 13:12:32,559 - Detected 1 faces
2026-03-29 13:12:33,464 - Detected 1 faces
2026-03-29 13:12:34,360 - Detected 1 faces
2026-03-29 13:12:35,269 - Detected 1 faces
2026-03-29 13:12:36,158 - Detected 1 faces
2026-03-29 13:12:37,410 - Detected 1 faces
2026-03-29 13:12:38,680 - Detected 1 faces
2026-03-29 13:12:39,274 - Detected 0 faces
2026-03-29 13:12:40,175 - Detected 1 faces
2026-03-29 13:12:41,418 - Detected 1 faces
2026-03-29 13:12:42,674 - Detected 1 faces
2026-03-29 13:12:43,280 - Detected 0 faces
2026-03-29 13:12:44,558 - Detected 1 faces
2026-03-29 13:12:45,465 - Detected 1 faces
2026-03-29 13:12:46,368 - Detected 1 faces
2026-03-29 13:12:47,611 - Detected 1 faces
2026-03-29 13:12:48,493 - Detected 1 faces
2026-03-29 13:12:49,396 - Detected 1 faces
2026-03-29 13:12:50,303 - Detected 1 faces
2026-03-29 13:12:51,205 - Detected 1 faces
2026-03-29 13:12:52,103 - Detected 1 faces
2026-03-29 13:12:53,040 - Detected 1 faces
2026-03-29 13:12:54,013 - Detected 1 faces
2026-03-29 13:12:54,905 - Detected 1 faces
2026-03-29 13:12:55,837 - Detected 1 faces
2026-03-29 13:12:56,745 - Detected 1 faces
2026-03-29 13:12:57,660 - Detected 1 faces
2026-03-29 13:12:58,566 - Detected 1 faces
2026-03-29 13:12:59,489 - Detected 1 faces
2026-03-29 13:13:00,391 - Detected 1 faces
2026-03-29 13:13:01,278 - Detected 1 faces
2026-03-29 13:13:02,175 - Detected 1 faces
2026-03-29 13:13:03,086 - Detected 1 faces
2026-03-29 13:13:04,006 - Detected 1 faces
2026-03-29 13:13:04,890 - Detected 1 faces
2026-03-29 13:13:05,809 - Detected 1 faces
2026-03-29 13:13:06,690 - Detected 1 faces
2026-03-29 13:13:07,570 - Detected 1 faces
2026-03-29 13:13:08,465 - Detected 1 faces
2026-03-29 13:13:09,367 - Detected 1 faces
2026-03-29 13:13:10,247 - Detected 1 faces
2026-03-29 13:13:10,829 - Detected 0 faces
2026-03-29 13:13:12,035 - Detected 1 faces
2026-03-29 13:13:12,909 - Detected 1 faces
2026-03-29 13:13:13,772 - Detected 1 faces
2026-03-29 13:13:14,662 - Detected 1 faces
2026-03-29 13:13:15,567 - Detected 1 faces
2026-03-29 13:13:16,816 - Detected 1 faces
2026-03-29 13:13:17,710 - Detected 1 faces
2026-03-29 13:13:18,601 - Detected 1 faces
2026-03-29 13:13:19,484 - Detected 1 faces
2026-03-29 13:13:20,388 - Detected 1 faces
2026-03-29 13:13:21,279 - Detected 1 faces
2026-03-29 13:13:22,177 - Detected 1 faces
2026-03-29 13:13:23,081 - Detected 1 faces
2026-03-29 13:13:23,978 - Detected 1 faces
2026-03-29 13:13:25,245 - Detected 1 faces
2026-03-29 13:13:26,187 - Detected 1 faces
2026-03-29 13:13:27,053 - Detected 1 faces
2026-03-29 13:13:27,660 - Detected 0 faces
2026-03-29 13:13:28,250 - Detected 0 faces
2026-03-29 13:13:28,846 - Detected 0 faces
2026-03-29 13:13:29,446 - Detected 0 faces
2026-03-29 13:13:30,355 - Detected 1 faces
2026-03-29 13:13:31,273 - Detected 1 faces
2026-03-29 13:13:32,169 - Detected 1 faces
2026-03-29 13:13:33,064 - Detected 1 faces
2026-03-29 13:13:33,954 - Detected 1 faces
2026-03-29 13:13:34,836 - Detected 1 faces
2026-03-29 13:13:35,744 - Detected 1 faces
2026-03-29 13:13:36,646 - Detected 1 faces
2026-03-29 13:13:37,531 - Detected 1 faces
2026-03-29 13:13:38,450 - Detected 1 faces
2026-03-29 13:13:39,342 - Detected 1 faces
2026-03-29 13:13:40,231 - Detected 1 faces
2026-03-29 13:13:41,114 - Detected 1 faces
2026-03-29 13:13:42,196 - Detected 1 faces
2026-03-29 13:13:43,501 - Detected 1 faces
2026-03-29 13:13:44,818 - Detected 1 faces
2026-03-29 13:13:46,141 - Detected 1 faces
2026-03-29 13:13:48,948 - Detected 1 faces
2026-03-29 13:13:50,224 - Detected 1 faces
2026-03-29 13:13:51,545 - Detected 1 faces
2026-03-29 13:13:52,907 - Detected 1 faces
2026-03-29 13:13:54,212 - Detected 1 faces
2026-03-29 13:13:55,515 - Detected 1 faces
2026-03-29 13:13:56,817 - Detected 1 faces
2026-03-29 13:13:58,140 - Detected 1 faces
2026-03-29 13:13:59,465 - Detected 1 faces
2026-03-29 13:14:00,764 - Detected 1 faces
2026-03-29 13:14:02,024 - Detected 1 faces
2026-03-29 13:14:03,321 - Detected 1 faces
2026-03-29 13:14:04,632 - Detected 1 faces
2026-03-29 13:14:05,924 - Detected 1 faces
2026-03-29 13:14:07,210 - Detected 1 faces
2026-03-29 13:14:08,553 - Detected 1 faces
2026-03-29 13:14:09,889 - Detected 1 faces
2026-03-29 13:14:11,241 - Detected 1 faces
2026-03-29 13:14:12,559 - Detected 1 faces
2026-03-29 13:14:13,496 - Detected 1 faces
2026-03-29 13:14:14,352 - Detected 1 faces
2026-03-29 13:14:15,238 - Detected 1 faces
2026-03-29 13:14:16,100 - Detected 1 faces
2026-03-29 13:14:16,968 - Detected 1 faces
2026-03-29 13:14:17,858 - Detected 1 faces
2026-03-29 13:14:18,735 - Detected 1 faces
2026-03-29 13:14:19,622 - Detected 1 faces
2026-03-29 13:14:20,209 - Detected 0 faces
2026-03-29 13:14:21,095 - Detected 1 faces
2026-03-29 13:14:21,974 - Detected 1 faces
2026-03-29 13:14:22,836 - Detected 1 faces
2026-03-29 13:14:23,659 - Detected 1 faces
2026-03-29 13:14:24,590 - Detected 1 faces
2026-03-29 13:14:25,455 - Detected 1 faces
2026-03-29 13:14:26,352 - Detected 1 faces
2026-03-29 13:14:27,170 - Detected 1 faces
2026-03-29 13:14:28,051 - Detected 1 faces
2026-03-29 13:14:28,912 - Detected 1 faces
2026-03-29 13:14:29,767 - Detected 1 faces
2026-03-29 13:14:30,640 - Detected 1 faces
2026-03-29 13:14:31,506 - Detected 1 faces
2026-03-29 13:14:32,379 - Detected 1 faces
2026-03-29 13:14:33,245 - Detected 1 faces
2026-03-29 13:14:34,099 - Detected 1 faces
2026-03-29 13:14:34,956 - Detected 1 faces
2026-03-29 13:14:35,757 - Detected 1 faces
2026-03-29 13:14:36,637 - Detected 1 faces
2026-03-29 13:14:37,498 - Detected 1 faces
2026-03-29 13:14:38,362 - Detected 1 faces
2026-03-29 13:14:39,234 - Detected 1 faces
2026-03-29 13:14:40,421 - Detected 1 faces
2026-03-29 13:14:41,626 - Detected 1 faces
2026-03-29 13:14:42,871 - Detected 1 faces
2026-03-29 13:14:43,759 - Detected 1 faces
2026-03-29 13:14:44,640 - Detected 1 faces
2026-03-29 13:14:45,503 - Detected 1 faces
2026-03-29 13:14:46,365 - Detected 1 faces
2026-03-29 13:14:47,232 - Detected 1 faces
2026-03-29 13:14:48,111 - Detected 1 faces
2026-03-29 13:14:48,981 - Detected 1 faces
2026-03-29 13:14:49,886 - Detected 1 faces
2026-03-29 13:14:50,794 - Detected 1 faces
2026-03-29 13:14:51,681 - Detected 1 faces
2026-03-29 13:14:52,557 - Detected 1 faces
2026-03-29 13:14:53,424 - Detected 1 faces
2026-03-29 13:14:54,303 - Detected 1 faces
2026-03-29 13:14:55,178 - Detected 1 faces
2026-03-29 13:14:56,049 - Detected 1 faces
2026-03-29 13:14:56,913 - Detected 1 faces
2026-03-29 13:14:57,784 - Detected 1 faces
2026-03-29 13:14:58,668 - Detected 1 faces
2026-03-29 13:14:59,578 - Detected 1 faces
2026-03-29 13:15:00,476 - Detected 1 faces
2026-03-29 13:15:01,361 - Detected 1 faces
2026-03-29 13:15:02,238 - Detected 1 faces
2026-03-29 13:15:03,149 - Detected 1 faces
2026-03-29 13:15:04,034 - Detected 1 faces
2026-03-29 13:15:04,893 - Detected 1 faces
2026-03-29 13:15:05,789 - Detected 1 faces
2026-03-29 13:15:06,637 - Detected 1 faces
2026-03-29 13:15:07,509 - Detected 1 faces
2026-03-29 13:15:08,396 - Detected 1 faces
2026-03-29 13:15:09,260 - Detected 1 faces
2026-03-29 13:15:10,125 - Detected 1 faces
2026-03-29 13:15:10,999 - Detected 1 faces
2026-03-29 13:15:11,856 - Detected 1 faces
2026-03-29 13:15:12,733 - Detected 1 faces
2026-03-29 13:15:13,600 - Detected 1 faces
2026-03-29 13:15:14,469 - Detected 1 faces
2026-03-29 13:15:15,345 - Detected 1 faces
2026-03-29 13:15:16,230 - Detected 1 faces
2026-03-29 13:15:17,085 - Detected 1 faces
2026-03-29 13:15:17,938 - Detected 1 faces
2026-03-29 13:15:18,517 - Detected 0 faces
2026-03-29 13:15:19,097 - Detected 0 faces
2026-03-29 13:15:19,680 - Detected 0 faces
2026-03-29 13:15:20,237 - Detected 0 faces
2026-03-29 13:15:20,805 - Detected 0 faces
2026-03-29 13:15:21,369 - Detected 0 faces
2026-03-29 13:15:21,946 - Detected 0 faces
2026-03-29 13:15:22,543 - Detected 0 faces
2026-03-29 13:15:23,404 - Detected 1 faces
2026-03-29 13:15:24,260 - Detected 1 faces
2026-03-29 13:15:25,131 - Detected 1 faces
2026-03-29 13:15:26,022 - Detected 1 faces
2026-03-29 13:15:26,941 - Detected 1 faces
2026-03-29 13:15:27,809 - Detected 1 faces
2026-03-29 13:15:28,681 - Detected 1 faces
2026-03-29 13:15:29,546 - Detected 1 faces
2026-03-29 13:15:30,399 - Detected 1 faces
2026-03-29 13:15:31,249 - Detected 1 faces
2026-03-29 13:15:32,105 - Detected 1 faces
2026-03-29 13:15:32,971 - Detected 1 faces
2026-03-29 13:15:33,866 - Detected 1 faces
2026-03-29 13:15:34,757 - Detected 1 faces
2026-03-29 13:15:35,625 - Detected 1 faces
2026-03-29 13:15:36,492 - Detected 1 faces
2026-03-29 13:15:37,354 - Detected 1 faces
2026-03-29 13:15:38,228 - Detected 1 faces
2026-03-29 13:15:39,116 - Detected 1 faces
2026-03-29 13:15:39,928 - Detected 1 faces
2026-03-29 13:15:40,784 - Detected 1 faces
2026-03-29 13:15:41,640 - Detected 1 faces
2026-03-29 13:15:42,393 - Detected 1 faces
2026-03-29 13:15:43,250 - Detected 1 faces
2026-03-29 13:15:44,077 - Detected 1 faces
2026-03-29 13:15:44,940 - Detected 1 faces
2026-03-29 13:15:45,830 - Detected 1 faces
2026-03-29 13:15:46,684 - Detected 1 faces
2026-03-29 13:15:47,553 - Detected 1 faces
2026-03-29 13:15:48,376 - Detected 1 faces
2026-03-29 13:15:48,933 - Detected 1 faces
2026-03-29 13:15:49,801 - Detected 1 faces
2026-03-29 13:15:50,705 - Detected 1 faces
2026-03-29 13:15:51,922 - Detected 1 faces
2026-03-29 13:15:52,782 - Detected 1 faces
2026-03-29 13:15:53,640 - Detected 1 faces
2026-03-29 13:15:54,510 - Detected 1 faces
2026-03-29 13:15:55,392 - Detected 1 faces
2026-03-29 13:15:56,231 - Detected 1 faces
2026-03-29 13:15:57,095 - Detected 1 faces
2026-03-29 13:15:57,962 - Detected 1 faces
2026-03-29 13:15:58,840 - Detected 1 faces
2026-03-29 13:15:59,700 - Detected 1 faces
2026-03-29 13:16:00,280 - Detected 0 faces
2026-03-29 13:16:00,856 - Detected 0 faces
2026-03-29 13:16:01,426 - Detected 0 faces
2026-03-29 13:16:02,013 - Detected 0 faces
2026-03-29 13:16:02,591 - Detected 0 faces
2026-03-29 13:16:03,163 - Detected 0 faces
2026-03-29 13:16:03,752 - Detected 0 faces
2026-03-29 13:16:04,332 - Detected 0 faces
2026-03-29 13:16:04,926 - Detected 0 faces
2026-03-29 13:16:05,541 - Detected 0 faces
2026-03-29 13:16:06,124 - Detected 0 faces
2026-03-29 13:16:07,417 - Detected 1 faces
2026-03-29 13:16:08,281 - Detected 1 faces
2026-03-29 13:16:09,157 - Detected 1 faces
2026-03-29 13:16:10,017 - Detected 1 faces
2026-03-29 13:16:10,634 - Detected 0 faces
2026-03-29 13:16:11,555 - Detected 1 faces
2026-03-29 13:16:12,472 - Detected 1 faces
2026-03-29 13:16:13,403 - Detected 1 faces
2026-03-29 13:16:14,295 - Detected 1 faces
2026-03-29 13:16:15,180 - Detected 1 faces
2026-03-29 13:16:16,089 - Detected 1 faces
2026-03-29 13:16:17,003 - Detected 1 faces
2026-03-29 13:16:17,976 - Detected 1 faces
2026-03-29 13:16:18,576 - Detected 0 faces
2026-03-29 13:16:19,643 - Detected 1 faces
2026-03-29 13:16:20,845 - Detected 1 faces
2026-03-29 13:16:21,669 - Detected 0 faces
2026-03-29 13:16:22,729 - Detected 1 faces
2026-03-29 13:16:23,904 - Detected 1 faces
2026-03-29 14:31:14,999 - Camera started
2026-03-29 14:31:16,698 - Detected 1 faces
2026-03-29 14:31:17,952 - Detected 1 faces
2026-03-29 14:31:19,241 - Detected 1 faces
2026-03-29 14:31:20,486 - Detected 1 faces
2026-03-29 14:31:21,754 - Detected 1 faces
2026-03-29 14:31:23,018 - Detected 1 faces
2026-03-29 14:31:24,274 - Detected 1 faces
2026-03-29 14:31:25,552 - Detected 1 faces
2026-03-29 14:31:26,832 - Detected 1 faces
2026-03-29 14:31:28,102 - Detected 1 faces
2026-03-29 14:31:29,371 - Detected 1 faces
2026-03-29 14:31:30,668 - Detected 1 faces
2026-03-29 14:31:32,084 - Detected 1 faces
2026-03-29 14:31:33,401 - Detected 1 faces
2026-03-29 14:31:34,678 - Detected 1 faces
2026-03-29 14:31:35,955 - Detected 1 faces
2026-03-29 14:31:37,244 - Detected 1 faces
2026-03-29 14:31:38,509 - Detected 1 faces
2026-03-29 14:31:39,784 - Detected 1 faces
2026-03-29 14:31:41,060 - Detected 1 faces
2026-03-29 14:31:42,308 - Detected 1 faces
2026-03-29 14:31:43,674 - Detected 1 faces
2026-03-29 14:31:44,967 - Detected 1 faces
2026-03-29 14:31:46,242 - Detected 1 faces
2026-03-29 14:31:47,527 - Detected 1 faces
2026-03-29 14:31:48,802 - Detected 1 faces
2026-03-29 14:31:50,075 - Detected 1 faces
2026-03-29 14:31:51,361 - Detected 1 faces
2026-03-29 14:31:52,691 - Detected 1 faces
2026-03-29 14:31:53,925 - Detected 1 faces
2026-03-29 14:31:55,229 - Detected 1 faces
2026-03-29 14:31:56,507 - Detected 1 faces
2026-03-29 14:31:57,783 - Detected 1 faces
2026-03-29 14:31:59,132 - Detected 1 faces
2026-03-29 14:32:00,313 - Detected 1 faces
2026-03-29 14:32:01,469 - Detected 1 faces
2026-03-29 14:32:02,486 - Detected 1 faces
2026-03-29 14:32:03,613 - Detected 1 faces
2026-03-29 14:32:04,878 - Detected 1 faces
2026-03-29 14:32:06,132 - Detected 1 faces
2026-03-29 14:32:07,398 - Detected 1 faces
2026-03-29 14:32:08,669 - Detected 1 faces
2026-03-29 14:32:09,935 - Detected 1 faces
2026-03-29 14:32:11,192 - Detected 1 faces
2026-03-29 14:32:12,564 - Detected 1 faces
2026-03-29 14:32:13,794 - Detected 1 faces
2026-03-29 14:32:15,024 - Detected 1 faces
2026-03-29 14:32:16,285 - Detected 1 faces
2026-03-29 14:32:17,553 - Detected 1 faces
2026-03-29 14:32:18,787 - Detected 1 faces
2026-03-29 14:32:20,039 - Detected 1 faces
2026-03-29 14:32:21,289 - Detected 1 faces
2026-03-29 14:32:22,689 - Detected 1 faces
2026-03-29 14:32:24,012 - Detected 1 faces
2026-03-29 14:32:25,316 - Detected 1 faces
2026-03-29 14:32:26,603 - Detected 1 faces
2026-03-29 14:32:27,930 - Detected 1 faces
2026-03-29 14:32:29,265 - Detected 1 faces
2026-03-29 14:32:30,565 - Detected 1 faces
2026-03-29 14:32:31,896 - Detected 1 faces
2026-03-29 14:32:33,127 - Detected 1 faces
2026-03-29 14:32:34,369 - Detected 1 faces
2026-03-29 14:32:35,542 - Detected 1 faces
2026-03-29 14:32:36,695 - Detected 1 faces
2026-03-29 14:32:37,890 - Detected 1 faces
2026-03-29 14:32:39,045 - Detected 1 faces
2026-03-29 14:32:40,243 - Detected 1 faces
2026-03-29 14:32:41,405 - Detected 1 faces
2026-03-29 14:32:42,542 - Detected 1 faces
2026-03-29 14:32:43,748 - Detected 1 faces
2026-03-29 14:32:45,082 - Detected 1 faces
2026-03-29 14:32:46,291 - Detected 1 faces
